Archive member included to satisfy reference by file (symbol)

c:/program files/microchip/xc32/v2.40/bin/bin/../../lib/gcc/pic32c/6.2.1/../../../../pic32c/lib\libpic32c.a(data_init.o)
                              build/ili9488_rgb565_c21/production/_ext/1467424219/startup_xc32.o (__pic32c_data_initialization)
c:/program files/microchip/xc32/v2.40/bin/bin/../../lib/gcc/pic32c/6.2.1\libgcc.a(_udivsi3.o)
                              build/ili9488_rgb565_c21/production/_ext/112860674/legato_color_blend.o (__aeabi_uidiv)
c:/program files/microchip/xc32/v2.40/bin/bin/../../lib/gcc/pic32c/6.2.1\libgcc.a(_divsi3.o)
                              build/ili9488_rgb565_c21/production/_ext/112860674/legato_math.o (__aeabi_idiv)
c:/program files/microchip/xc32/v2.40/bin/bin/../../lib/gcc/pic32c/6.2.1\libgcc.a(_dvmd_tls.o)
                              c:/program files/microchip/xc32/v2.40/bin/bin/../../lib/gcc/pic32c/6.2.1\libgcc.a(_udivsi3.o) (__aeabi_idiv0)
c:/program files/microchip/xc32/v2.40/bin/bin/../../lib/gcc/pic32c/6.2.1\libgcc.a(_arm_cmpsf2.o)
                              build/ili9488_rgb565_c21/production/_ext/112860674/legato_math.o (__aeabi_fcmplt)
c:/program files/microchip/xc32/v2.40/bin/bin/../../lib/gcc/pic32c/6.2.1\libgcc.a(_fixunssfsi.o)
                              build/ili9488_rgb565_c21/production/_ext/1466348494/gfx_driver.o (__aeabi_f2uiz)
c:/program files/microchip/xc32/v2.40/bin/bin/../../lib/gcc/pic32c/6.2.1\libgcc.a(_fixunsdfsi.o)
                              build/ili9488_rgb565_c21/production/_ext/1849288394/plib_sercom2_i2c_master.o (__aeabi_d2uiz)
c:/program files/microchip/xc32/v2.40/bin/bin/../../lib/gcc/pic32c/6.2.1\libgcc.a(divsf3.o)
                              build/ili9488_rgb565_c21/production/_ext/1466348494/gfx_driver.o (__aeabi_fdiv)
c:/program files/microchip/xc32/v2.40/bin/bin/../../lib/gcc/pic32c/6.2.1\libgcc.a(eqsf2.o)
                              c:/program files/microchip/xc32/v2.40/bin/bin/../../lib/gcc/pic32c/6.2.1\libgcc.a(_arm_cmpsf2.o) (__eqsf2)
c:/program files/microchip/xc32/v2.40/bin/bin/../../lib/gcc/pic32c/6.2.1\libgcc.a(gesf2.o)
                              c:/program files/microchip/xc32/v2.40/bin/bin/../../lib/gcc/pic32c/6.2.1\libgcc.a(_arm_cmpsf2.o) (__gesf2)
c:/program files/microchip/xc32/v2.40/bin/bin/../../lib/gcc/pic32c/6.2.1\libgcc.a(lesf2.o)
                              c:/program files/microchip/xc32/v2.40/bin/bin/../../lib/gcc/pic32c/6.2.1\libgcc.a(_arm_cmpsf2.o) (__lesf2)
c:/program files/microchip/xc32/v2.40/bin/bin/../../lib/gcc/pic32c/6.2.1\libgcc.a(mulsf3.o)
                              build/ili9488_rgb565_c21/production/_ext/1466348494/gfx_driver.o (__aeabi_fmul)
c:/program files/microchip/xc32/v2.40/bin/bin/../../lib/gcc/pic32c/6.2.1\libgcc.a(subsf3.o)
                              c:/program files/microchip/xc32/v2.40/bin/bin/../../lib/gcc/pic32c/6.2.1\libgcc.a(_fixunssfsi.o) (__aeabi_fsub)
c:/program files/microchip/xc32/v2.40/bin/bin/../../lib/gcc/pic32c/6.2.1\libgcc.a(fixsfsi.o)
                              build/ili9488_rgb565_c21/production/_ext/1466348494/gfx_driver.o (__aeabi_f2iz)
c:/program files/microchip/xc32/v2.40/bin/bin/../../lib/gcc/pic32c/6.2.1\libgcc.a(floatsisf.o)
                              build/ili9488_rgb565_c21/production/_ext/1466348494/gfx_driver.o (__aeabi_i2f)
c:/program files/microchip/xc32/v2.40/bin/bin/../../lib/gcc/pic32c/6.2.1\libgcc.a(floatunsisf.o)
                              build/ili9488_rgb565_c21/production/_ext/1466348494/gfx_driver.o (__aeabi_ui2f)
c:/program files/microchip/xc32/v2.40/bin/bin/../../lib/gcc/pic32c/6.2.1\libgcc.a(adddf3.o)
                              build/ili9488_rgb565_c21/production/_ext/1849288394/plib_sercom2_i2c_master.o (__aeabi_dadd)
c:/program files/microchip/xc32/v2.40/bin/bin/../../lib/gcc/pic32c/6.2.1\libgcc.a(divdf3.o)
                              build/ili9488_rgb565_c21/production/_ext/1906505550/sys_time.o (__aeabi_ddiv)
c:/program files/microchip/xc32/v2.40/bin/bin/../../lib/gcc/pic32c/6.2.1\libgcc.a(muldf3.o)
                              build/ili9488_rgb565_c21/production/_ext/1849288394/plib_sercom2_i2c_master.o (__aeabi_dmul)
c:/program files/microchip/xc32/v2.40/bin/bin/../../lib/gcc/pic32c/6.2.1\libgcc.a(subdf3.o)
                              build/ili9488_rgb565_c21/production/_ext/1849288394/plib_sercom2_i2c_master.o (__aeabi_dsub)
c:/program files/microchip/xc32/v2.40/bin/bin/../../lib/gcc/pic32c/6.2.1\libgcc.a(fixdfsi.o)
                              c:/program files/microchip/xc32/v2.40/bin/bin/../../lib/gcc/pic32c/6.2.1\libgcc.a(_fixunsdfsi.o) (__aeabi_d2iz)
c:/program files/microchip/xc32/v2.40/bin/bin/../../lib/gcc/pic32c/6.2.1\libgcc.a(floatunsidf.o)
                              build/ili9488_rgb565_c21/production/_ext/1906505550/sys_time.o (__aeabi_ui2d)
c:/program files/microchip/xc32/v2.40/bin/bin/../../lib/gcc/pic32c/6.2.1\libgcc.a(extendsfdf2.o)
[...]
Memory Configuration

Name             Origin             Length             Attributes
rom              0x00000000         0x00040000         xrl
ram              0x20000000         0x00008000         xw !r
config_00804000  0x00804000         0x00000004
config_00804004  0x00804004         0x00000004
*default*        0x00000000         0xffffffff

Linker script and memory map

LOAD c:/program files/microchip/xc32/v2.40/bin/bin/../../lib/gcc/pic32c/6.2.1/crti.o
LOAD c:/program files/microchip/xc32/v2.40/bin/bin/../../lib/gcc/pic32c/6.2.1/crtbegin.o
LOAD build/ili9488_rgb565_c21/production/_ext/1757778955/bsp.o
LOAD build/ili9488_rgb565_c21/production/_ext/1439396164/drv_i2c.o
LOAD build/ili9488_rgb565_c21/production/_ext/1644386601/drv_maxtouch.o
LOAD build/ili9488_rgb565_c21/production/_ext/626254542/drv_spi.o
LOAD build/ili9488_rgb565_c21/production/_ext/1466348494/gfx_driver.o
LOAD build/ili9488_rgb565_c21/production/_ext/501305739/drv_gfx_ili9488.o
LOAD build/ili9488_rgb565_c21/production/_ext/1538015528/drv_gfx_disp_intf_spi4.o
LOAD build/ili9488_rgb565_c21/production/_ext/112860674/legato_color.o
LOAD build/ili9488_rgb565_c21/production/_ext/112860674/legato_color_blend.o
LOAD build/ili9488_rgb565_c21/production/_ext/112860674/legato_color_convert.o
LOAD build/ili9488_rgb565_c21/production/_ext/112860674/legato_color_lerp.o
LOAD build/ili9488_rgb565_c21/production/_ext/112860674/legato_color_value.o
LOAD build/ili9488_rgb565_c21/production/_ext/112860674/legato_error.o
LOAD build/ili9488_rgb565_c21/production/_ext/112860674/legato_math.o
LOAD build/ili9488_rgb565_c21/production/_ext/112860674/legato_pixelbuffer.o
LOAD build/ili9488_rgb565_c21/production/_ext/112860674/legato_rect.o
LOAD build/ili9488_rgb565_c21/production/_ext/112860674/legato_utils.o
LOAD build/ili9488_rgb565_c21/production/_ext/2100673910/legato_event.o
LOAD build/ili9488_rgb565_c21/production/_ext/2100673910/legato_input.o
LOAD build/ili9488_rgb565_c21/production/_ext/2100673910/legato_scheme.o
LOAD build/ili9488_rgb565_c21/production/_ext/2100673910/legato_state.o
LOAD build/ili9488_rgb565_c21/production/_ext/2100673910/legato_stream.o
LOAD build/ili9488_rgb565_c21/production/_ext/1154863378/legato_array.o
LOAD build/ili9488_rgb565_c21/production/_ext/1154863378/legato_list.o
LOAD build/ili9488_rgb565_c21/production/_ext/1154863378/legato_rectarray.o
LOAD build/ili9488_rgb565_c21/production/_ext/2100763174/legato_font.o
LOAD build/ili9488_rgb565_c21/production/_ext/2100763174/legato_rasterfont_liberationmono1.o
LOAD build/ili9488_rgb565_c21/production/_ext/2100763174/legato_rasterfont_liberationmono8.o
LOAD build/ili9488_rgb565_c21/production/_ext/2100763174/legato_rasterfont_stream.o
LOAD build/ili9488_rgb565_c21/production/_ext/1691701734/le_gen_font_NotoSans_Medium.o
LOAD build/ili9488_rgb565_c21/production/_ext/905844388/le_gen_image_MHGC_170x170.o
LOAD build/ili9488_rgb565_c21/production/_ext/1706034109/le_gen_screen_Screen0.o
LOAD build/ili9488_rgb565_c21/production/_ext/1045797400/le_gen_harmony.o
LOAD build/ili9488_rgb565_c21/production/_ext/1045797400/le_gen_init.o
LOAD build/ili9488_rgb565_c21/production/_ext/1045797400/le_gen_scheme.o
LOAD build/ili9488_rgb565_c21/production/_ext/1045797400/le_gen_stringtable.o
LOAD build/ili9488_rgb565_c21/production/_ext/120415747/legato_imagedecoder_raw.o
LOAD build/ili9488_rgb565_c21/production/_ext/120415747/legato_imagedecoder_raw_blend.o
LOAD build/ili9488_rgb565_c21/production/_ext/120415747/legato_imagedecoder_raw_convert.o
LOAD build/ili9488_rgb565_c21/production/_ext/120415747/legato_imagedecoder_raw_mask.o
LOAD build/ili9488_rgb565_c21/production/_ext/120415747/legato_imagedecoder_raw_palette_internal.o
LOAD build/ili9488_rgb565_c21/production/_ext/120415747/legato_imagedecoder_raw_palette_stream.o
LOAD build/ili9488_rgb565_c21/production/_ext/120415747/legato_imagedecoder_raw_read_internal.o
LOAD build/ili9488_rgb565_c21/production/_ext/120415747/legato_imagedecoder_raw_read_stream_color.o
LOAD build/ili9488_rgb565_c21/production/_ext/120415747/legato_imagedecoder_raw_read_stream_index.o
LOAD build/ili9488_rgb565_c21/production/_ext/120415747/legato_imagedecoder_raw_read_stream_rlecolor.o
LOAD build/ili9488_rgb565_c21/production/_ext/120415747/legato_imagedecoder_raw_read_stream_rleindex.o
LOAD build/ili9488_rgb565_c21/production/_ext/120415747/legato_imagedecoder_raw_rotate.o
LOAD build/ili9488_rgb565_c21/production/_ext/120415747/legato_imagedecoder_raw_scale.o
LOAD build/ili9488_rgb565_c21/production/_ext/120415747/legato_imagedecoder_raw_setup.o
LOAD build/ili9488_rgb565_c21/production/_ext/120415747/legato_imagedecoder_raw_write.o
LOAD build/ili9488_rgb565_c21/production/_ext/701847140/legato_image.o
LOAD build/ili9488_rgb565_c21/production/_ext/701847140/legato_palette.o
LOAD build/ili9488_rgb565_c21/production/_ext/701847140/legato_image_utils.o
LOAD build/ili9488_rgb565_c21/production/_ext/389919000/legato_fixedheap.o
LOAD build/ili9488_rgb565_c21/production/_ext/389919000/legato_memory.o
LOAD build/ili9488_rgb565_c21/production/_ext/389919000/legato_variableheap.o
LOAD build/ili9488_rgb565_c21/production/_ext/1192200986/legato_draw.o
LOAD build/ili9488_rgb565_c21/production/_ext/1192200986/legato_draw_arc.o
LOAD build/ili9488_rgb565_c21/production/_ext/1192200986/legato_draw_line.o
LOAD build/ili9488_rgb565_c21/production/_ext/1192200986/legato_draw_rect.o
LOAD build/ili9488_rgb565_c21/production/_ext/1192200986/legato_renderer.o
LOAD build/ili9488_rgb565_c21/production/_ext/575689768/legato_dynamicstring.o
LOAD build/ili9488_rgb565_c21/production/_ext/575689768/legato_fixedstring.o
LOAD build/ili9488_rgb565_c21/production/_ext/575689768/legato_string.o
LOAD build/ili9488_rgb565_c21/production/_ext/575689768/legato_string_renderer.o
LOAD build/ili9488_rgb565_c21/production/_ext/575689768/legato_string_renderer_stream.o
LOAD build/ili9488_rgb565_c21/production/_ext/575689768/legato_stringtable.o
LOAD build/ili9488_rgb565_c21/production/_ext/575689768/legato_tablestring.o
LOAD build/ili9488_rgb565_c21/production/_ext/575689768/legato_stringutils.o
LOAD build/ili9488_rgb565_c21/production/_ext/1740931230/legato_widget_arc.o
LOAD build/ili9488_rgb565_c21/production/_ext/1740931230/legato_widget_arc_skin_classic.o
LOAD build/ili9488_rgb565_c21/production/_ext/1354359375/legato_widget_bar_graph.o
LOAD build/ili9488_rgb565_c21/production/_ext/1354359375/legato_widget_bar_graph_skin_classic.o
LOAD build/ili9488_rgb565_c21/production/_ext/1910772378/legato_widget_button.o
LOAD build/ili9488_rgb565_c21/production/_ext/1910772378/legato_widget_button_skin_classic.o
LOAD build/ili9488_rgb565_c21/production/_ext/343680247/legato_widget_checkbox.o
LOAD build/ili9488_rgb565_c21/production/_ext/343680247/legato_widget_checkbox_skin_classic.o
LOAD build/ili9488_rgb565_c21/production/_ext/1893301500/legato_widget_circle.o
LOAD build/ili9488_rgb565_c21/production/_ext/1893301500/legato_widget_circle_skin_classic.o
LOAD build/ili9488_rgb565_c21/production/_ext/188535546/legato_widget_circular_gauge.o
LOAD build/ili9488_rgb565_c21/production/_ext/188535546/legato_widget_circular_gauge_skin_classic.o
LOAD build/ili9488_rgb565_c21/production/_ext/1196286348/legato_widget_circular_slider.o
LOAD build/ili9488_rgb565_c21/production/_ext/1196286348/legato_widget_circular_slider_skin_classic.o
LOAD build/ili9488_rgb565_c21/production/_ext/1898183371/legato_widget_drawsurface.o
LOAD build/ili9488_rgb565_c21/production/_ext/1898183371/legato_widget_drawsurface_skin_classic.o
LOAD build/ili9488_rgb565_c21/production/_ext/1103560604/legato_widget_gradient.o
LOAD build/ili9488_rgb565_c21/production/_ext/1103560604/legato_widget_gradient_skin_classic.o
LOAD build/ili9488_rgb565_c21/production/_ext/686846944/legato_widget_groupbox.o
LOAD build/ili9488_rgb565_c21/production/_ext/686846944/legato_widget_groupbox_skin_classic.o
LOAD build/ili9488_rgb565_c21/production/_ext/1995092825/legato_widget_image.o
LOAD build/ili9488_rgb565_c21/production/_ext/1995092825/legato_widget_image_skin_classic.o
LOAD build/ili9488_rgb565_c21/production/_ext/1240977602/legato_widget_imagerotate.o
LOAD build/ili9488_rgb565_c21/production/_ext/1240977602/legato_widget_imagerotate_skin_classic.o
LOAD build/ili9488_rgb565_c21/production/_ext/1344893693/legato_widget_imagescale.o
LOAD build/ili9488_rgb565_c21/production/_ext/1344893693/legato_widget_imagescale_skin_classic.o
LOAD build/ili9488_rgb565_c21/production/_ext/31576728/legato_widget_imagesequence.o
LOAD build/ili9488_rgb565_c21/production/_ext/31576728/legato_widget_imagesequence_skin_classic.o
LOAD build/ili9488_rgb565_c21/production/_ext/1667741688/legato_widget_keypad.o
LOAD build/ili9488_rgb565_c21/production/_ext/1667741688/legato_widget_keypad_skin_classic.o
LOAD build/ili9488_rgb565_c21/production/_ext/1992678848/legato_widget_label.o
LOAD build/ili9488_rgb565_c21/production/_ext/1992678848/legato_widget_label_skin_classic.o
LOAD build/ili9488_rgb565_c21/production/_ext/1865387224/legato_widget_line.o
LOAD build/ili9488_rgb565_c21/production/_ext/1865387224/legato_widget_line_skin_classic.o
LOAD build/ili9488_rgb565_c21/production/_ext/123599066/legato_widget_line_graph.o
LOAD build/ili9488_rgb565_c21/production/_ext/123599066/legato_widget_line_graph_skin_classic.o
LOAD build/ili9488_rgb565_c21/production/_ext/1865387054/legato_widget_list.o
LOAD build/ili9488_rgb565_c21/production/_ext/1865387054/legato_widget_list_skin_classic.o
LOAD build/ili9488_rgb565_c21/production/_ext/462871241/legato_widget_listwheel.o
LOAD build/ili9488_rgb565_c21/production/_ext/462871241/legato_widget_listwheel_skin_classic.o
LOAD build/ili9488_rgb565_c21/production/_ext/1882175738/legato_widget_pie_chart.o
LOAD build/ili9488_rgb565_c21/production/_ext/1882175738/legato_widget_pie_chart_skin_classic.o
LOAD build/ili9488_rgb565_c21/production/_ext/685774574/legato_widget_progressbar.o
LOAD build/ili9488_rgb565_c21/production/_ext/685774574/legato_widget_progressbar_skin_classic.o
LOAD build/ili9488_rgb565_c21/production/_ext/311106510/legato_widget_radial_menu.o
LOAD build/ili9488_rgb565_c21/production/_ext/311106510/legato_widget_radial_menu_skin_classic.o
LOAD build/ili9488_rgb565_c21/production/_ext/1792668359/legato_radiobutton_group.o
LOAD build/ili9488_rgb565_c21/production/_ext/1792668359/legato_widget_radiobutton.o
LOAD build/ili9488_rgb565_c21/production/_ext/1792668359/legato_widget_radiobutton_skin_classic.o
LOAD build/ili9488_rgb565_c21/production/_ext/1508521285/legato_widget_rectangle.o
LOAD build/ili9488_rgb565_c21/production/_ext/1508521285/legato_widget_rectangle_skin_classic.o
LOAD build/ili9488_rgb565_c21/production/_ext/2082939762/legato_widget_scrollbar.o
LOAD build/ili9488_rgb565_c21/production/_ext/2082939762/legato_widget_scrollbar_skin_classic.o
LOAD build/ili9488_rgb565_c21/production/_ext/1432731883/legato_widget_slider.o
LOAD build/ili9488_rgb565_c21/production/_ext/1432731883/legato_widget_slider_skin_classic.o
LOAD build/ili9488_rgb565_c21/production/_ext/633711929/legato_widget_textfield.o
LOAD build/ili9488_rgb565_c21/production/_ext/633711929/legato_widget_textfield_skin_classic.o
LOAD build/ili9488_rgb565_c21/production/_ext/2029881757/legato_widget_touchtest.o
LOAD build/ili9488_rgb565_c21/production/_ext/2029881757/legato_widget_touchtest_skin_classic.o
LOAD build/ili9488_rgb565_c21/production/_ext/1320836572/legato_widget_window.o
LOAD build/ili9488_rgb565_c21/production/_ext/1320836572/legato_widget_window_skin_classic.o
LOAD build/ili9488_rgb565_c21/production/_ext/679628379/legato_editwidget.o
LOAD build/ili9488_rgb565_c21/production/_ext/679628379/legato_widget.o
LOAD build/ili9488_rgb565_c21/production/_ext/679628379/legato_widget_skin_classic.o
LOAD build/ili9488_rgb565_c21/production/_ext/679628379/legato_widget_skin_classic_common.o
LOAD build/ili9488_rgb565_c21/production/_ext/179908753/plib_clock.o
LOAD build/ili9488_rgb565_c21/production/_ext/177759267/plib_evsys.o
LOAD build/ili9488_rgb565_c21/production/_ext/421108383/plib_nvic.o
LOAD build/ili9488_rgb565_c21/production/_ext/363442865/plib_nvmctrl.o
LOAD build/ili9488_rgb565_c21/production/_ext/421055232/plib_port.o
LOAD build/ili9488_rgb565_c21/production/_ext/1849288394/plib_sercom2_i2c_master.o
LOAD build/ili9488_rgb565_c21/production/_ext/1878987536/plib_sercom1_spi.o
LOAD build/ili9488_rgb565_c21/production/_ext/1197325998/plib_tc0.o
LOAD build/ili9488_rgb565_c21/production/_ext/1319149909/xc32_monitor.o
LOAD build/ili9488_rgb565_c21/production/_ext/1494921676/sys_dma.o
LOAD build/ili9488_rgb565_c21/production/_ext/2105319326/sys_input.o
LOAD build/ili9488_rgb565_c21/production/_ext/2105319326/sys_input_listener.o
LOAD build/ili9488_rgb565_c21/production/_ext/283887256/sys_int.o
LOAD build/ili9488_rgb565_c21/production/_ext/1906505550/sys_time.o
LOAD build/ili9488_rgb565_c21/production/_ext/1467424219/initialization.o
LOAD build/ili9488_rgb565_c21/production/_ext/1467424219/interrupts.o
LOAD build/ili9488_rgb565_c21/production/_ext/1467424219/exceptions.o
LOAD build/ili9488_rgb565_c21/production/_ext/1467424219/startup_xc32.o
LOAD build/ili9488_rgb565_c21/production/_ext/1467424219/libc_syscalls.o
LOAD build/ili9488_rgb565_c21/production/_ext/1467424219/tasks.o
LOAD build/ili9488_rgb565_c21/production/_ext/1360937237/main.o
LOAD build/ili9488_rgb565_c21/production/_ext/1360937237/app.o
                0x00000001                __MPLAB_BUILD = 0x1
                0x00000200                _min_heap_size = 0x200
START GROUP
LOAD c:/program files/microchip/xc32/v2.40/bin/bin/../../lib/gcc/pic32c/6.2.1/../../../../pic32c/lib\libpic32c.a
LOAD c:/program files/microchip/xc32/v2.40/bin/bin/../../lib/gcc/pic32c/6.2.1\libgcc.a
LOAD c:/program files/microchip/xc32/v2.40/bin/bin/../../lib/gcc/pic32c/6.2.1/../../../../pic32c/lib\libm_nano.a
LOAD c:/program files/microchip/xc32/v2.40/bin/bin/../../lib/gcc/pic32c/6.2.1/../../../../pic32c/lib\libc_nano.a
END GROUP
LOAD c:/program files/microchip/xc32/v2.40/bin/bin/../../lib/gcc/pic32c/6.2.1/crtend.o
LOAD c:/program files/microchip/xc32/v2.40/bin/bin/../../lib/gcc/pic32c/6.2.1/crtn.o
                0x00040000                __rom_end = (ORIGIN (rom) + LENGTH (rom))
                0x20008000                __ram_end = (ORIGIN (ram) + LENGTH (ram))

.config_00804000
                0x00804000        0x4
 *(.config_00804000)
 .config_00804000
                0x00804000        0x4 build/ili9488_rgb565_c21/production/_ext/1467424219/initialization.o

.config_00804004
                0x00804004        0x4
 *(.config_00804004)
 .config_00804004
                0x00804004        0x4 build/ili9488_rgb565_c21/production/_ext/1467424219/initialization.o

.vectors        0x00000000       0xbc
                0x00000000                . = ALIGN (0x4)
                0x00000000                _sfixed = .
 *(.vectors .vectors.* .vectors_default .vectors_default.*)
 .vectors       0x00000000       0xbc build/ili9488_rgb565_c21/production/_ext/1467424219/interrupts.o
                0x00000000                exception_table
 *(.isr_vector)
 *(.reset*)
 *(.after_vectors)

.text           0x000000bc       0x20
                0x000000bc                . = ALIGN (0x4)
 *(.glue_7t)
 .glue_7t       0x000000bc        0x0 linker stubs
 *(.glue_7)
 .glue_7        0x000000bc        0x0 linker stubs
 *(.gnu.linkonce.r.*)
 *(.ARM.extab* .gnu.linkonce.armextab.*)
                0x000000bc                . = ALIGN (0x4)
 *(.init)
 .init          0x000000bc        0x4 c:/program files/microchip/xc32/v2.40/bin/bin/../../lib/gcc/pic32c/6.2.1/crti.o
                0x000000bc                _init
 .init          0x000000c0        0x8 c:/program files/microchip/xc32/v2.40/bin/bin/../../lib/gcc/pic32c/6.2.1/crtn.o
                0x000000c8                . = ALIGN (0x4)
                0x000000c8                __preinit_array_start = .
 *(.preinit_array)
                0x000000c8                __preinit_array_end = .
                0x000000c8                . = ALIGN (0x4)
                0x000000c8                __init_array_start = .
 *(SORT(.init_array.*))
 *(.init_array)
 .init_array    0x000000c8        0x4 c:/program files/microchip/xc32/v2.40/bin/bin/../../lib/gcc/pic32c/6.2.1/crtbegin.o
                0x000000cc                __init_array_end = .
                0x000000cc                . = ALIGN (0x4)
 *crtbegin.o(.ctors)
 *(EXCLUDE_FILE(*crtend.o) .ctors)
 *(SORT(.ctors.*))
 *crtend.o(.ctors)
                0x000000cc                . = ALIGN (0x4)
 *(.fini)
 .fini          0x000000cc        0x4 c:/program files/microchip/xc32/v2.40/bin/bin/../../lib/gcc/pic32c/6.2.1/crti.o
                0x000000cc                _fini
 .fini          0x000000d0        0x8 c:/program files/microchip/xc32/v2.40/bin/bin/../../lib/gcc/pic32c/6.2.1/crtn.o
                0x000000d8                . = ALIGN (0x4)
                0x000000d8                __fini_array_start = .
 *(.fini_array)
 .fini_array    0x000000d8        0x4 c:/program files/microchip/xc32/v2.40/bin/bin/../../lib/gcc/pic32c/6.2.1/crtbegin.o
 *(SORT(.fini_array.*))
                0x000000dc                __fini_array_end = .
 *crtbegin.o(.dtors)
 *(EXCLUDE_FILE(*crtend.o) .dtors)
 *(SORT(.dtors.*))
 *crtend.o(.dtors)
                0x000000dc                . = ALIGN (0x4)
                0x000000dc                _efixed = .
                [!provide]                PROVIDE (__exidx_start, .)

.ARM.exidx
 *(.ARM.exidx* .gnu.linkonce.armexidx.*)
                [!provide]                PROVIDE (__exidx_end, .)
                0x000000dc                . = ALIGN (0x4)
                0x000000dc                _etext = .

.bss            0x20000000     0x3108
                0x20000000                . = ALIGN (0x4)
                0x20000000                __bss_start__ = .
                0x20000000                _sbss = .
                0x20000000                _szero = .
 *(COMMON)
 COMMON         0x20000000     0x15c0 build/ili9488_rgb565_c21/production/_ext/1644386601/drv_maxtouch.o
                0x20000000                sMAXTOUCHDriverInstances
 COMMON         0x200015c0       0x10 build/ili9488_rgb565_c21/production/_ext/1706034109/le_gen_screen_Screen0.o
                0x200015c0                ButtonWidget0
                0x200015c4                ImageWidget0
                0x200015c8                ImageWidget1
                0x200015cc                LabelWidget0
 COMMON         0x200015d0       0x30 build/ili9488_rgb565_c21/production/_ext/1045797400/le_gen_harmony.o
                0x200015d0                inputListener
 COMMON         0x20001600       0x40 build/ili9488_rgb565_c21/production/_ext/1045797400/le_gen_scheme.o
                0x20001600                NewScheme
 COMMON         0x20001640     0x181c build/ili9488_rgb565_c21/production/_ext/389919000/legato_memory.o
                0x20001640                variableHeap
                0x2000165c                variableHeapData
 COMMON         0x20002e5c       0x7c build/ili9488_rgb565_c21/production/_ext/1192200986/legato_renderer.o
                0x20002e5c                _rendererState
 COMMON         0x20002ed8       0x2c build/ili9488_rgb565_c21/production/_ext/1878987536/plib_sercom1_spi.o
                0x20002ed8                sercom1SPIObj
 COMMON         0x20002f04        0x8 build/ili9488_rgb565_c21/production/_ext/1197325998/plib_tc0.o
                0x20002f04                TC0_CallbackObject
 COMMON         0x20002f0c      0x1e8 build/ili9488_rgb565_c21/production/_ext/2105319326/sys_input.o
                0x20002f0c                listeners
                0x20002f6c                generalEvents
                0x200030ec                listenerFlags
                0x200030f0                eventCount
 COMMON         0x200030f4       0x10 build/ili9488_rgb565_c21/production/_ext/1467424219/initialization.o
                0x200030f4                sysObj
 COMMON         0x20003104        0x1 build/ili9488_rgb565_c21/production/_ext/1360937237/app.o
                0x20003104                appData
                0x20003108                . = ALIGN (0x4)
 *fill*         0x20003105        0x3 
                0x20003108                __bss_end__ = .
                0x20003108                _ebss = .
                0x20003108                _ezero = .
                0x20003108                . = ALIGN (0x4)
                0x20003108                _end = .
                0x20007fff                _ram_end_ = ((ORIGIN (ram) + LENGTH (ram)) - 0x1)
OUTPUT(dist/ili9488_rgb565_c21/production/legato_quickstart_c21_xpro_cpro.X.production.elf elf32-littlearm)
LOAD stack
LOAD data_init

.ARM.attributes
                0x00000000       0x28
 .ARM.attributes
                0x00000000       0x1e c:/program files/microchip/xc32/v2.40/bin/bin/../../lib/gcc/pic32c/6.2.1/crti.o
 .ARM.attributes
                0x0000001e       0x2c c:/program files/microchip/xc32/v2.40/bin/bin/../../lib/gcc/pic32c/6.2.1/crtbegin.o
 .ARM.attributes
                0x0000004a       0x32 build/ili9488_rgb565_c21/production/_ext/1757778955/bsp.o
 .ARM.attributes
                0x0000007c       0x32 build/ili9488_rgb565_c21/production/_ext/1439396164/drv_i2c.o
 .ARM.attributes
                0x000000ae       0x32 build/ili9488_rgb565_c21/production/_ext/1644386601/drv_maxtouch.o
 .ARM.attributes
                0x000000e0       0x32 build/ili9488_rgb565_c21/production/_ext/626254542/drv_spi.o
 .ARM.attributes
                0x00000112       0x32 build/ili9488_rgb565_c21/production/_ext/1466348494/gfx_driver.o
 .ARM.attributes
                0x00000144       0x32 build/ili9488_rgb565_c21/production/_ext/501305739/drv_gfx_ili9488.o
 .ARM.attributes
                0x00000176       0x32 build/ili9488_rgb565_c21/production/_ext/1538015528/drv_gfx_disp_intf_spi4.o
 .ARM.attributes
                0x000001a8       0x32 build/ili9488_rgb565_c21/production/_ext/112860674/legato_color.o
 .ARM.attributes
                0x000001da       0x32 build/ili9488_rgb565_c21/production/_ext/112860674/legato_color_blend.o
 .ARM.attributes
                0x0000020c       0x32 build/ili9488_rgb565_c21/production/_ext/112860674/legato_color_convert.o
 .ARM.attributes
                0x0000023e       0x32 build/ili9488_rgb565_c21/production/_ext/112860674/legato_color_lerp.o
 .ARM.attributes
                0x00000270       0x32 build/ili9488_rgb565_c21/production/_ext/112860674/legato_math.o
 .ARM.attributes
                0x000002a2       0x32 build/ili9488_rgb565_c21/production/_ext/112860674/legato_pixelbuffer.o
 .ARM.attributes
                0x000002d4       0x32 build/ili9488_rgb565_c21/production/_ext/112860674/legato_rect.o
 .ARM.attributes
                0x00000306       0x32 build/ili9488_rgb565_c21/production/_ext/112860674/legato_utils.o
 .ARM.attributes
                0x00000338       0x32 build/ili9488_rgb565_c21/production/_ext/2100673910/legato_event.o
 .ARM.attributes
                0x0000036a       0x32 build/ili9488_rgb565_c21/production/_ext/2100673910/legato_input.o
 .ARM.attributes
                0x0000039c       0x32 build/ili9488_rgb565_c21/production/_ext/2100673910/legato_scheme.o
 .ARM.attributes
                0x000003ce       0x32 build/ili9488_rgb565_c21/production/_ext/2100673910/legato_state.o
 .ARM.attributes
                0x00000400       0x32 build/ili9488_rgb565_c21/production/_ext/1154863378/legato_array.o
 .ARM.attributes
                0x00000432       0x32 build/ili9488_rgb565_c21/production/_ext/1154863378/legato_list.o
 .ARM.attributes
                0x00000464       0x32 build/ili9488_rgb565_c21/production/_ext/1154863378/legato_rectarray.o
 .ARM.attributes
                0x00000496       0x32 build/ili9488_rgb565_c21/production/_ext/2100763174/legato_font.o
 .ARM.attributes
                0x000004c8       0x32 build/ili9488_rgb565_c21/production/_ext/1691701734/le_gen_font_NotoSans_Medium.o
 .ARM.attributes
                0x000004fa       0x32 build/ili9488_rgb565_c21/production/_ext/905844388/le_gen_image_MHGC_170x170.o
 .ARM.attributes
                0x0000052c       0x32 build/ili9488_rgb565_c21/production/_ext/1706034109/le_gen_screen_Screen0.o
 .ARM.attributes
                0x0000055e       0x32 build/ili9488_rgb565_c21/production/_ext/1045797400/le_gen_harmony.o
 .ARM.attributes
                0x00000590       0x32 build/ili9488_rgb565_c21/production/_ext/1045797400/le_gen_init.o
 .ARM.attributes
                0x000005c2       0x32 build/ili9488_rgb565_c21/production/_ext/1045797400/le_gen_scheme.o
 .ARM.attributes
                0x000005f4       0x32 build/ili9488_rgb565_c21/production/_ext/1045797400/le_gen_stringtable.o
 .ARM.attributes
                0x00000626       0x32 build/ili9488_rgb565_c21/production/_ext/120415747/legato_imagedecoder_raw.o
 .ARM.attributes
                0x00000658       0x32 build/ili9488_rgb565_c21/production/_ext/120415747/legato_imagedecoder_raw_blend.o
 .ARM.attributes
                0x0000068a       0x32 build/ili9488_rgb565_c21/production/_ext/120415747/legato_imagedecoder_raw_convert.o
 .ARM.attributes
                0x000006bc       0x32 build/ili9488_rgb565_c21/production/_ext/120415747/legato_imagedecoder_raw_mask.o
 .ARM.attributes
                0x000006ee       0x32 build/ili9488_rgb565_c21/production/_ext/120415747/legato_imagedecoder_raw_palette_internal.o
 .ARM.attributes
                0x00000720       0x32 build/ili9488_rgb565_c21/production/_ext/120415747/legato_imagedecoder_raw_read_internal.o
 .ARM.attributes
                0x00000752       0x32 build/ili9488_rgb565_c21/production/_ext/120415747/legato_imagedecoder_raw_rotate.o
 .ARM.attributes
                0x00000784       0x32 build/ili9488_rgb565_c21/production/_ext/120415747/legato_imagedecoder_raw_scale.o
 .ARM.attributes
                0x000007b6       0x32 build/ili9488_rgb565_c21/production/_ext/120415747/legato_imagedecoder_raw_setup.o
 .ARM.attributes
                0x000007e8       0x32 build/ili9488_rgb565_c21/production/_ext/120415747/legato_imagedecoder_raw_write.o
 .ARM.attributes
                0x0000081a       0x32 build/ili9488_rgb565_c21/production/_ext/701847140/legato_image.o
 .ARM.attributes
                0x0000084c       0x32 build/ili9488_rgb565_c21/production/_ext/701847140/legato_image_utils.o
 .ARM.attributes
                0x0000087e       0x32 build/ili9488_rgb565_c21/production/_ext/389919000/legato_memory.o
 .ARM.attributes
                0x000008b0       0x32 build/ili9488_rgb565_c21/production/_ext/389919000/legato_variableheap.o
 .ARM.attributes
                0x000008e2       0x32 build/ili9488_rgb565_c21/production/_ext/1192200986/legato_draw.o
 .ARM.attributes
                0x00000914       0x32 build/ili9488_rgb565_c21/production/_ext/1192200986/legato_draw_arc.o
 .ARM.attributes
                0x00000946       0x32 build/ili9488_rgb565_c21/production/_ext/1192200986/legato_draw_line.o
 .ARM.attributes
                0x00000978       0x32 build/ili9488_rgb565_c21/production/_ext/1192200986/legato_draw_rect.o
 .ARM.attributes
                0x000009aa       0x32 build/ili9488_rgb565_c21/production/_ext/1192200986/legato_renderer.o
 .ARM.attributes
                0x000009dc       0x32 build/ili9488_rgb565_c21/production/_ext/575689768/legato_string.o
 .ARM.attributes
                0x00000a0e       0x32 build/ili9488_rgb565_c21/production/_ext/575689768/legato_string_renderer.o
 .ARM.attributes
                0x00000a40       0x32 build/ili9488_rgb565_c21/production/_ext/575689768/legato_stringtable.o
 .ARM.attributes
                0x00000a72       0x32 build/ili9488_rgb565_c21/production/_ext/575689768/legato_tablestring.o
 .ARM.attributes
                0x00000aa4       0x32 build/ili9488_rgb565_c21/production/_ext/575689768/legato_stringutils.o
 .ARM.attributes
                0x00000ad6       0x32 build/ili9488_rgb565_c21/production/_ext/1910772378/legato_widget_button.o
 .ARM.attributes
                0x00000b08       0x32 build/ili9488_rgb565_c21/production/_ext/1910772378/legato_widget_button_skin_classic.o
 .ARM.attributes
                0x00000b3a       0x32 build/ili9488_rgb565_c21/production/_ext/1995092825/legato_widget_image.o
 .ARM.attributes
                0x00000b6c       0x32 build/ili9488_rgb565_c21/production/_ext/1995092825/legato_widget_image_skin_classic.o
 .ARM.attributes
                0x00000b9e       0x32 build/ili9488_rgb565_c21/production/_ext/1992678848/legato_widget_label.o
 .ARM.attributes
                0x00000bd0       0x32 build/ili9488_rgb565_c21/production/_ext/1992678848/legato_widget_label_skin_classic.o
 .ARM.attributes
                0x00000c02       0x32 build/ili9488_rgb565_c21/production/_ext/679628379/legato_widget.o
 .ARM.attributes
                0x00000c34       0x32 build/ili9488_rgb565_c21/production/_ext/679628379/legato_widget_skin_classic.o
 .ARM.attributes
                0x00000c66       0x32 build/ili9488_rgb565_c21/production/_ext/679628379/legato_widget_skin_classic_common.o
 .ARM.attributes
                0x00000c98       0x32 build/ili9488_rgb565_c21/production/_ext/179908753/plib_clock.o
 .ARM.attributes
                0x00000cca       0x32 build/ili9488_rgb565_c21/production/_ext/177759267/plib_evsys.o
 .ARM.attributes
                0x00000cfc       0x32 build/ili9488_rgb565_c21/production/_ext/421108383/plib_nvic.o
 .ARM.attributes
                0x00000d2e       0x32 build/ili9488_rgb565_c21/production/_ext/363442865/plib_nvmctrl.o
 .ARM.attributes
                0x00000d60       0x32 build/ili9488_rgb565_c21/production/_ext/421055232/plib_port.o
 .ARM.attributes
                0x00000d92       0x32 build/ili9488_rgb565_c21/production/_ext/1849288394/plib_sercom2_i2c_master.o
 .ARM.attributes
                0x00000dc4       0x32 build/ili9488_rgb565_c21/production/_ext/1878987536/plib_sercom1_spi.o
 .ARM.attributes
                0x00000df6       0x32 build/ili9488_rgb565_c21/production/_ext/1197325998/plib_tc0.o
 .ARM.attributes
                0x00000e28       0x32 build/ili9488_rgb565_c21/production/_ext/1494921676/sys_dma.o
 .ARM.attributes
                0x00000e5a       0x32 build/ili9488_rgb565_c21/production/_ext/2105319326/sys_input.o
 .ARM.attributes
                0x00000e8c       0x32 build/ili9488_rgb565_c21/production/_ext/283887256/sys_int.o
 .ARM.attributes
                0x00000ebe       0x32 build/ili9488_rgb565_c21/production/_ext/1906505550/sys_time.o
 .ARM.attributes
                0x00000ef0       0x32 build/ili9488_rgb565_c21/production/_ext/1467424219/initialization.o
 .ARM.attributes
                0x00000f22       0x32 build/ili9488_rgb565_c21/production/_ext/1467424219/interrupts.o
 .ARM.attributes
                0x00000f54       0x32 build/ili9488_rgb565_c21/production/_ext/1467424219/exceptions.o
 .ARM.attributes
                0x00000f86       0x32 build/ili9488_rgb565_c21/production/_ext/1467424219/startup_xc32.o
 .ARM.attributes
                0x00000fb8       0x32 build/ili9488_rgb565_c21/production/_ext/1467424219/tasks.o
 .ARM.attributes
                0x00000fea       0x32 build/ili9488_rgb565_c21/production/_ext/1360937237/main.o
 .ARM.attributes
                0x0000101c       0x32 build/ili9488_rgb565_c21/production/_ext/1360937237/app.o
 .ARM.attributes
                0x0000104e       0x2c c:/program files/microchip/xc32/v2.40/bin/bin/../../lib/gcc/pic32c/6.2.1/../../../../pic32c/lib\libpic32c.a(data_init.o)
 .ARM.attributes
                0x0000107a       0x1e c:/program files/microchip/xc32/v2.40/bin/bin/../../lib/gcc/pic32c/6.2.1\libgcc.a(_udivsi3.o)
 .ARM.attributes
                0x00001098       0x1e c:/program files/microchip/xc32/v2.40/bin/bin/../../lib/gcc/pic32c/6.2.1\libgcc.a(_divsi3.o)
 .ARM.attributes
                0x000010b6       0x1e c:/program files/microchip/xc32/v2.40/bin/bin/../../lib/gcc/pic32c/6.2.1\libgcc.a(_dvmd_tls.o)
 .ARM.attributes
                0x000010d4       0x1e c:/program files/microchip/xc32/v2.40/bin/bin/../../lib/gcc/pic32c/6.2.1\libgcc.a(_arm_cmpsf2.o)
 .ARM.attributes
                0x000010f2       0x2c c:/program files/microchip/xc32/v2.40/bin/bin/../../lib/gcc/pic32c/6.2.1\libgcc.a(_fixunssfsi.o)
 .ARM.attributes
                0x0000111e       0x2c c:/program files/microchip/xc32/v2.40/bin/bin/../../lib/gcc/pic32c/6.2.1\libgcc.a(_fixunsdfsi.o)
 .ARM.attributes
                0x0000114a       0x2c c:/program files/microchip/xc32/v2.40/bin/bin/../../lib/gcc/pic32c/6.2.1\libgcc.a(divsf3.o)
 .ARM.attributes
                0x00001176       0x2c c:/program files/microchip/xc32/v2.40/bin/bin/../../lib/gcc/pic32c/6.2.1\libgcc.a(eqsf2.o)
 .ARM.attributes
                0x000011a2       0x2c c:/program files/microchip/xc32/v2.40/bin/bin/../../lib/gcc/pic32c/6.2.1\libgcc.a(gesf2.o)
 .ARM.attributes
                0x000011ce       0x2c c:/program files/microchip/xc32/v2.40/bin/bin/../../lib/gcc/pic32c/6.2.1\libgcc.a(lesf2.o)
 .ARM.attributes
                0x000011fa       0x2c c:/program files/microchip/xc32/v2.40/bin/bin/../../lib/gcc/pic32c/6.2.1\libgcc.a(mulsf3.o)
 .ARM.attributes
                0x00001226       0x2c c:/program files/microchip/xc32/v2.40/bin/bin/../../lib/gcc/pic32c/6.2.1\libgcc.a(subsf3.o)
 .ARM.attributes
                0x00001252       0x2c c:/program files/microchip/xc32/v2.40/bin/bin/../../lib/gcc/pic32c/6.2.1\libgcc.a(fixsfsi.o)
 .ARM.attributes
                0x0000127e       0x2c c:/program files/microchip/xc32/v2.40/bin/bin/../../lib/gcc/pic32c/6.2.1\libgcc.a(floatunsisf.o)
 .ARM.attributes
                0x000012aa       0x2c c:/program files/microchip/xc32/v2.40/bin/bin/../../lib/gcc/pic32c/6.2.1\libgcc.a(adddf3.o)
 .ARM.attributes
                0x000012d6       0x2c c:/program files/microchip/xc32/v2.40/bin/bin/../../lib/gcc/pic32c/6.2.1\libgcc.a(divdf3.o)
 .ARM.attributes
                0x00001302       0x2c c:/program files/microchip/xc32/v2.40/bin/bin/../../lib/gcc/pic32c/6.2.1\libgcc.a(muldf3.o)
 .ARM.attributes
                0x0000132e       0x2c c:/program files/microchip/xc32/v2.40/bin/bin/../../lib/gcc/pic32c/6.2.1\libgcc.a(subdf3.o)
 .ARM.attributes
                0x0000135a       0x2c c:/program files/microchip/xc32/v2.40/bin/bin/../../lib/gcc/pic32c/6.2.1\libgcc.a(fixdfsi.o)
 .ARM.attributes
                0x00001386       0x2c c:/program files/microchip/xc32/v2.40/bin/bin/../../lib/gcc/pic32c/6.2.1\libgcc.a(extendsfdf2.o)
 .ARM.attributes
                0x000013b2       0x1e c:/program files/microchip/xc32/v2.40/bin/bin/../../lib/gcc/pic32c/6.2.1\libgcc.a(_thumb1_case_uqi.o)
 .ARM.attributes
                0x000013d0       0x1e c:/program files/microchip/xc32/v2.40/bin/bin/../../lib/gcc/pic32c/6.2.1\libgcc.a(_thumb1_case_uhi.o)
 .ARM.attributes
                0x000013ee       0x1e c:/program files/microchip/xc32/v2.40/bin/bin/../../lib/gcc/pic32c/6.2.1\libgcc.a(_arm_cmpdf2.o)
 .ARM.attributes
                0x0000140c       0x1e c:/program files/microchip/xc32/v2.40/bin/bin/../../lib/gcc/pic32c/6.2.1\libgcc.a(_clzsi2.o)
 .ARM.attributes
                0x0000142a       0x2c c:/program files/microchip/xc32/v2.40/bin/bin/../../lib/gcc/pic32c/6.2.1\libgcc.a(eqdf2.o)
 .ARM.attributes
                0x00001456       0x2c c:/program files/microchip/xc32/v2.40/bin/bin/../../lib/gcc/pic32c/6.2.1\libgcc.a(gedf2.o)
 .ARM.attributes
                0x00001482       0x2c c:/program files/microchip/xc32/v2.40/bin/bin/../../lib/gcc/pic32c/6.2.1\libgcc.a(ledf2.o)
 .ARM.attributes
                0x000014ae       0x2c c:/program files/microchip/xc32/v2.40/bin/bin/../../lib/gcc/pic32c/6.2.1/../../../../pic32c/lib\libc_nano.a(lib_a-init.o)
 .ARM.attributes
                0x000014da       0x2c c:/program files/microchip/xc32/v2.40/bin/bin/../../lib/gcc/pic32c/6.2.1/../../../../pic32c/lib\libc_nano.a(lib_a-memcpy-stub.o)
 .ARM.attributes
                0x00001506       0x2c c:/program files/microchip/xc32/v2.40/bin/bin/../../lib/gcc/pic32c/6.2.1/../../../../pic32c/lib\libc_nano.a(lib_a-memset.o)
 .ARM.attributes
                0x00001532       0x1e c:/program files/microchip/xc32/v2.40/bin/bin/../../lib/gcc/pic32c/6.2.1/crtn.o

.comment        0x00000000       0x3c
 .comment       0x00000000       0x3c c:/program files/microchip/xc32/v2.40/bin/bin/../../lib/gcc/pic32c/6.2.1/crtbegin.o
                                 0x3d (size before relaxing)
 .comment       0x0000003c       0x3d build/ili9488_rgb565_c21/production/_ext/1757778955/bsp.o
 .comment       0x0000003c       0x3d build/ili9488_rgb565_c21/production/_ext/1439396164/drv_i2c.o
 .comment       0x0000003c       0x3d build/ili9488_rgb565_c21/production/_ext/1644386601/drv_maxtouch.o
 .comment       0x0000003c       0x3d build/ili9488_rgb565_c21/production/_ext/626254542/drv_spi.o
 .comment       0x0000003c       0x3d build/ili9488_rgb565_c21/production/_ext/1466348494/gfx_driver.o
 .comment       0x0000003c       0x3d build/ili9488_rgb565_c21/production/_ext/501305739/drv_gfx_ili9488.o
 .comment       0x0000003c       0x3d build/ili9488_rgb565_c21/production/_ext/1538015528/drv_gfx_disp_intf_spi4.o
 .comment       0x0000003c       0x3d build/ili9488_rgb565_c21/production/_ext/112860674/legato_color.o
 .comment       0x0000003c       0x3d build/ili9488_rgb565_c21/production/_ext/112860674/legato_color_blend.o
 .comment       0x0000003c       0x3d build/ili9488_rgb565_c21/production/_ext/112860674/legato_color_convert.o
 .comment       0x0000003c       0x3d build/ili9488_rgb565_c21/production/_ext/112860674/legato_color_lerp.o
 .comment       0x0000003c       0x3d build/ili9488_rgb565_c21/production/_ext/112860674/legato_math.o
 .comment       0x0000003c       0x3d build/ili9488_rgb565_c21/production/_ext/112860674/legato_pixelbuffer.o
 .comment       0x0000003c       0x3d build/ili9488_rgb565_c21/production/_ext/112860674/legato_rect.o
 .comment       0x0000003c       0x3d build/ili9488_rgb565_c21/production/_ext/112860674/legato_utils.o
 .comment       0x0000003c       0x3d build/ili9488_rgb565_c21/production/_ext/2100673910/legato_event.o
 .comment       0x0000003c       0x3d build/ili9488_rgb565_c21/production/_ext/2100673910/legato_input.o
 .comment       0x0000003c       0x3d build/ili9488_rgb565_c21/production/_ext/2100673910/legato_scheme.o
 .comment       0x0000003c       0x3d build/ili9488_rgb565_c21/production/_ext/2100673910/legato_state.o
 .comment       0x0000003c       0x3d build/ili9488_rgb565_c21/production/_ext/1154863378/legato_array.o
 .comment       0x0000003c       0x3d build/ili9488_rgb565_c21/production/_ext/1154863378/legato_list.o
 .comment       0x0000003c       0x3d build/ili9488_rgb565_c21/production/_ext/1154863378/legato_rectarray.o
 .comment       0x0000003c       0x3d build/ili9488_rgb565_c21/production/_ext/2100763174/legato_font.o
 .comment       0x0000003c       0x3d build/ili9488_rgb565_c21/production/_ext/1691701734/le_gen_font_NotoSans_Medium.o
 .comment       0x0000003c       0x3d build/ili9488_rgb565_c21/production/_ext/905844388/le_gen_image_MHGC_170x170.o
 .comment       0x0000003c       0x3d build/ili9488_rgb565_c21/production/_ext/1706034109/le_gen_screen_Screen0.o
 .comment       0x0000003c       0x3d build/ili9488_rgb565_c21/production/_ext/1045797400/le_gen_harmony.o
 .comment       0x0000003c       0x3d build/ili9488_rgb565_c21/production/_ext/1045797400/le_gen_init.o
 .comment       0x0000003c       0x3d build/ili9488_rgb565_c21/production/_ext/1045797400/le_gen_scheme.o
 .comment       0x0000003c       0x3d build/ili9488_rgb565_c21/production/_ext/1045797400/le_gen_stringtable.o
 .comment       0x0000003c       0x3d build/ili9488_rgb565_c21/production/_ext/120415747/legato_imagedecoder_raw.o
 .comment       0x0000003c       0x3d build/ili9488_rgb565_c21/production/_ext/120415747/legato_imagedecoder_raw_blend.o
 .comment       0x0000003c       0x3d build/ili9488_rgb565_c21/production/_ext/120415747/legato_imagedecoder_raw_convert.o
 .comment       0x0000003c       0x3d build/ili9488_rgb565_c21/production/_ext/120415747/legato_imagedecoder_raw_mask.o
 .comment       0x0000003c       0x3d build/ili9488_rgb565_c21/production/_ext/120415747/legato_imagedecoder_raw_palette_internal.o
 .comment       0x0000003c       0x3d build/ili9488_rgb565_c21/production/_ext/120415747/legato_imagedecoder_raw_read_internal.o
 .comment       0x0000003c       0x3d build/ili9488_rgb565_c21/production/_ext/120415747/legato_imagedecoder_raw_rotate.o
 .comment       0x0000003c       0x3d build/ili9488_rgb565_c21/production/_ext/120415747/legato_imagedecoder_raw_scale.o
 .comment       0x0000003c       0x3d build/ili9488_rgb565_c21/production/_ext/120415747/legato_imagedecoder_raw_setup.o
 .comment       0x0000003c       0x3d build/ili9488_rgb565_c21/production/_ext/120415747/legato_imagedecoder_raw_write.o
 .comment       0x0000003c       0x3d build/ili9488_rgb565_c21/production/_ext/701847140/legato_image.o
 .comment       0x0000003c       0x3d build/ili9488_rgb565_c21/production/_ext/701847140/legato_image_utils.o
 .comment       0x0000003c       0x3d build/ili9488_rgb565_c21/production/_ext/389919000/legato_memory.o
 .comment       0x0000003c       0x3d build/ili9488_rgb565_c21/production/_ext/389919000/legato_variableheap.o
 .comment       0x0000003c       0x3d build/ili9488_rgb565_c21/production/_ext/1192200986/legato_draw.o
 .comment       0x0000003c       0x3d build/ili9488_rgb565_c21/production/_ext/1192200986/legato_draw_arc.o
 .comment       0x0000003c       0x3d build/ili9488_rgb565_c21/production/_ext/1192200986/legato_draw_line.o
 .comment       0x0000003c       0x3d build/ili9488_rgb565_c21/production/_ext/1192200986/legato_draw_rect.o
 .comment       0x0000003c       0x3d build/ili9488_rgb565_c21/production/_ext/1192200986/legato_renderer.o
 .comment       0x0000003c       0x3d build/ili9488_rgb565_c21/production/_ext/575689768/legato_string.o
 .comment       0x0000003c       0x3d build/ili9488_rgb565_c21/production/_ext/575689768/legato_string_renderer.o
 .comment       0x0000003c       0x3d build/ili9488_rgb565_c21/production/_ext/575689768/legato_stringtable.o
 .comment       0x0000003c       0x3d build/ili9488_rgb565_c21/production/_ext/575689768/legato_tablestring.o
 .comment       0x0000003c       0x3d build/ili9488_rgb565_c21/production/_ext/575689768/legato_stringutils.o
 .comment       0x0000003c       0x3d build/ili9488_rgb565_c21/production/_ext/1910772378/legato_widget_button.o
 .comment       0x0000003c       0x3d build/ili9488_rgb565_c21/production/_ext/1910772378/legato_widget_button_skin_classic.o
 .comment       0x0000003c       0x3d build/ili9488_rgb565_c21/production/_ext/1995092825/legato_widget_image.o
 .comment       0x0000003c       0x3d build/ili9488_rgb565_c21/production/_ext/1995092825/legato_widget_image_skin_classic.o
 .comment       0x0000003c       0x3d build/ili9488_rgb565_c21/production/_ext/1992678848/legato_widget_label.o
 .comment       0x0000003c       0x3d build/ili9488_rgb565_c21/production/_ext/1992678848/legato_widget_label_skin_classic.o
 .comment       0x0000003c       0x3d build/ili9488_rgb565_c21/production/_ext/679628379/legato_widget.o
 .comment       0x0000003c       0x3d build/ili9488_rgb565_c21/production/_ext/679628379/legato_widget_skin_classic.o
 .comment       0x0000003c       0x3d build/ili9488_rgb565_c21/production/_ext/679628379/legato_widget_skin_classic_common.o
 .comment       0x0000003c       0x3d build/ili9488_rgb565_c21/production/_ext/179908753/plib_clock.o
 .comment       0x0000003c       0x3d build/ili9488_rgb565_c21/production/_ext/177759267/plib_evsys.o
 .comment       0x0000003c       0x3d build/ili9488_rgb565_c21/production/_ext/421108383/plib_nvic.o
 .comment       0x0000003c       0x3d build/ili9488_rgb565_c21/production/_ext/363442865/plib_nvmctrl.o
 .comment       0x0000003c       0x3d build/ili9488_rgb565_c21/production/_ext/421055232/plib_port.o
 .comment       0x0000003c       0x3d build/ili9488_rgb565_c21/production/_ext/1849288394/plib_sercom2_i2c_master.o
 .comment       0x0000003c       0x3d build/ili9488_rgb565_c21/production/_ext/1878987536/plib_sercom1_spi.o
 .comment       0x0000003c       0x3d build/ili9488_rgb565_c21/production/_ext/1197325998/plib_tc0.o
 .comment       0x0000003c       0x3d build/ili9488_rgb565_c21/production/_ext/1494921676/sys_dma.o
 .comment       0x0000003c       0x3d build/ili9488_rgb565_c21/production/_ext/2105319326/sys_input.o
 .comment       0x0000003c       0x3d build/ili9488_rgb565_c21/production/_ext/283887256/sys_int.o
 .comment       0x0000003c       0x3d build/ili9488_rgb565_c21/production/_ext/1906505550/sys_time.o
 .comment       0x0000003c       0x3d build/ili9488_rgb565_c21/production/_ext/1467424219/initialization.o
 .comment       0x0000003c       0x3d build/ili9488_rgb565_c21/production/_ext/1467424219/interrupts.o
 .comment       0x0000003c       0x3d build/ili9488_rgb565_c21/production/_ext/1467424219/exceptions.o
 .comment       0x0000003c       0x3d build/ili9488_rgb565_c21/production/_ext/1467424219/startup_xc32.o
 .comment       0x0000003c       0x3d build/ili9488_rgb565_c21/production/_ext/1467424219/tasks.o
 .comment       0x0000003c       0x3d build/ili9488_rgb565_c21/production/_ext/1360937237/main.o
 .comment       0x0000003c       0x3d build/ili9488_rgb565_c21/production/_ext/1360937237/app.o
 .comment       0x0000003c       0x3d c:/program files/microchip/xc32/v2.40/bin/bin/../../lib/gcc/pic32c/6.2.1/../../../../pic32c/lib\libpic32c.a(data_init.o)
 .comment       0x0000003c       0x3d c:/program files/microchip/xc32/v2.40/bin/bin/../../lib/gcc/pic32c/6.2.1\libgcc.a(_fixunssfsi.o)
 .comment       0x0000003c       0x3d c:/program files/microchip/xc32/v2.40/bin/bin/../../lib/gcc/pic32c/6.2.1\libgcc.a(_fixunsdfsi.o)
 .comment       0x0000003c       0x3d c:/program files/microchip/xc32/v2.40/bin/bin/../../lib/gcc/pic32c/6.2.1\libgcc.a(divsf3.o)
 .comment       0x0000003c       0x3d c:/program files/microchip/xc32/v2.40/bin/bin/../../lib/gcc/pic32c/6.2.1\libgcc.a(eqsf2.o)
 .comment       0x0000003c       0x3d c:/program files/microchip/xc32/v2.40/bin/bin/../../lib/gcc/pic32c/6.2.1\libgcc.a(gesf2.o)
 .comment       0x0000003c       0x3d c:/program files/microchip/xc32/v2.40/bin/bin/../../lib/gcc/pic32c/6.2.1\libgcc.a(lesf2.o)
 .comment       0x0000003c       0x3d c:/program files/microchip/xc32/v2.40/bin/bin/../../lib/gcc/pic32c/6.2.1\libgcc.a(mulsf3.o)
 .comment       0x0000003c       0x3d c:/program files/microchip/xc32/v2.40/bin/bin/../../lib/gcc/pic32c/6.2.1\libgcc.a(subsf3.o)
 .comment       0x0000003c       0x3d c:/program files/microchip/xc32/v2.40/bin/bin/../../lib/gcc/pic32c/6.2.1\libgcc.a(fixsfsi.o)
 .comment       0x0000003c       0x3d c:/program files/microchip/xc32/v2.40/bin/bin/../../lib/gcc/pic32c/6.2.1\libgcc.a(floatunsisf.o)
 .comment       0x0000003c       0x3d c:/program files/microchip/xc32/v2.40/bin/bin/../../lib/gcc/pic32c/6.2.1\libgcc.a(adddf3.o)
 .comment       0x0000003c       0x3d c:/program files/microchip/xc32/v2.40/bin/bin/../../lib/gcc/pic32c/6.2.1\libgcc.a(divdf3.o)
 .comment       0x0000003c       0x3d c:/program files/microchip/xc32/v2.40/bin/bin/../../lib/gcc/pic32c/6.2.1\libgcc.a(muldf3.o)
 .comment       0x0000003c       0x3d c:/program files/microchip/xc32/v2.40/bin/bin/../../lib/gcc/pic32c/6.2.1\libgcc.a(subdf3.o)
 .comment       0x0000003c       0x3d c:/program files/microchip/xc32/v2.40/bin/bin/../../lib/gcc/pic32c/6.2.1\libgcc.a(fixdfsi.o)
 .comment       0x0000003c       0x3d c:/program files/microchip/xc32/v2.40/bin/bin/../../lib/gcc/pic32c/6.2.1\libgcc.a(extendsfdf2.o)
 .comment       0x0000003c       0x3d c:/program files/microchip/xc32/v2.40/bin/bin/../../lib/gcc/pic32c/6.2.1\libgcc.a(eqdf2.o)
 .comment       0x0000003c       0x3d c:/program files/microchip/xc32/v2.40/bin/bin/../../lib/gcc/pic32c/6.2.1\libgcc.a(gedf2.o)
 .comment       0x0000003c       0x3d c:/program files/microchip/xc32/v2.40/bin/bin/../../lib/gcc/pic32c/6.2.1\libgcc.a(ledf2.o)
 .comment       0x0000003c       0x3d c:/program files/microchip/xc32/v2.40/bin/bin/../../lib/gcc/pic32c/6.2.1/../../../../pic32c/lib\libc_nano.a(lib_a-init.o)
 .comment       0x0000003c       0x3d c:/program files/microchip/xc32/v2.40/bin/bin/../../lib/gcc/pic32c/6.2.1/../../../../pic32c/lib\libc_nano.a(lib_a-memcpy-stub.o)
 .comment       0x0000003c       0x3d c:/program files/microchip/xc32/v2.40/bin/bin/../../lib/gcc/pic32c/6.2.1/../../../../pic32c/lib\libc_nano.a(lib_a-memset.o)

.debug_info     0x00000000    0xf275e
 .debug_info    0x00000000     0x10ab build/ili9488_rgb565_c21/production/_ext/1757778955/bsp.o
 .debug_info    0x000010ab     0x256e build/ili9488_rgb565_c21/production/_ext/1439396164/drv_i2c.o
 .debug_info    0x00003619     0x9fea build/ili9488_rgb565_c21/production/_ext/1644386601/drv_maxtouch.o
 .debug_info    0x0000d603     0x441b build/ili9488_rgb565_c21/production/_ext/626254542/drv_spi.o
 .debug_info    0x00011a1e     0x2fe3 build/ili9488_rgb565_c21/production/_ext/1466348494/gfx_driver.o
 .debug_info    0x00014a01     0x6889 build/ili9488_rgb565_c21/production/_ext/501305739/drv_gfx_ili9488.o
 .debug_info    0x0001b28a     0x1368 build/ili9488_rgb565_c21/production/_ext/1538015528/drv_gfx_disp_intf_spi4.o
 .debug_info    0x0001c5f2     0x13ef build/ili9488_rgb565_c21/production/_ext/112860674/legato_color.o
 .debug_info    0x0001d9e1     0x150a build/ili9488_rgb565_c21/production/_ext/112860674/legato_color_blend.o
 .debug_info    0x0001eeeb     0x256c build/ili9488_rgb565_c21/production/_ext/112860674/legato_color_convert.o
 .debug_info    0x00021457     0x1b9d build/ili9488_rgb565_c21/production/_ext/112860674/legato_color_lerp.o
 .debug_info    0x00022ff4     0x1e2a build/ili9488_rgb565_c21/production/_ext/112860674/legato_math.o
 .debug_info    0x00024e1e     0x21c3 build/ili9488_rgb565_c21/production/_ext/112860674/legato_pixelbuffer.o
 .debug_info    0x00026fe1     0x151c build/ili9488_rgb565_c21/production/_ext/112860674/legato_rect.o
 .debug_info    0x000284fd     0x2f4a build/ili9488_rgb565_c21/production/_ext/112860674/legato_utils.o
 .debug_info    0x0002b447     0x2cac build/ili9488_rgb565_c21/production/_ext/2100673910/legato_event.o
 .debug_info    0x0002e0f3     0x3228 build/ili9488_rgb565_c21/production/_ext/2100673910/legato_input.o
 .debug_info    0x0003131b     0x169d build/ili9488_rgb565_c21/production/_ext/2100673910/legato_scheme.o
 .debug_info    0x000329b8     0x4d66 build/ili9488_rgb565_c21/production/_ext/2100673910/legato_state.o
 .debug_info    0x0003771e     0x164a build/ili9488_rgb565_c21/production/_ext/1154863378/legato_array.o
 .debug_info    0x00038d68     0x16b8 build/ili9488_rgb565_c21/production/_ext/1154863378/legato_list.o
 .debug_info    0x0003a420     0x1bec build/ili9488_rgb565_c21/production/_ext/1154863378/legato_rectarray.o
 .debug_info    0x0003c00c     0x218b build/ili9488_rgb565_c21/production/_ext/2100763174/legato_font.o
 .debug_info    0x0003e197     0x1c03 build/ili9488_rgb565_c21/production/_ext/1691701734/le_gen_font_NotoSans_Medium.o
 .debug_info    0x0003fd9a     0x1bc5 build/ili9488_rgb565_c21/production/_ext/905844388/le_gen_image_MHGC_170x170.o
 .debug_info    0x0004195f     0x5c5d build/ili9488_rgb565_c21/production/_ext/1706034109/le_gen_screen_Screen0.o
 .debug_info    0x000475bc     0x6f15 build/ili9488_rgb565_c21/production/_ext/1045797400/le_gen_harmony.o
 .debug_info    0x0004e4d1     0x5585 build/ili9488_rgb565_c21/production/_ext/1045797400/le_gen_init.o
 .debug_info    0x00053a56     0x1803 build/ili9488_rgb565_c21/production/_ext/1045797400/le_gen_scheme.o
 .debug_info    0x00055259     0x1bdc build/ili9488_rgb565_c21/production/_ext/1045797400/le_gen_stringtable.o
 .debug_info    0x00056e35     0x3429 build/ili9488_rgb565_c21/production/_ext/120415747/legato_imagedecoder_raw.o
 .debug_info    0x0005a25e     0x3f6a build/ili9488_rgb565_c21/production/_ext/120415747/legato_imagedecoder_raw_blend.o
 .debug_info    0x0005e1c8     0x1f76 build/ili9488_rgb565_c21/production/_ext/120415747/legato_imagedecoder_raw_convert.o
 .debug_info    0x0006013e     0x1c3d build/ili9488_rgb565_c21/production/_ext/120415747/legato_imagedecoder_raw_mask.o
 .debug_info    0x00061d7b     0x20cf build/ili9488_rgb565_c21/production/_ext/120415747/legato_imagedecoder_raw_palette_internal.o
 .debug_info    0x00063e4a     0x2202 build/ili9488_rgb565_c21/production/_ext/120415747/legato_imagedecoder_raw_read_internal.o
 .debug_info    0x0006604c     0x1fa7 build/ili9488_rgb565_c21/production/_ext/120415747/legato_imagedecoder_raw_rotate.o
 .debug_info    0x00067ff3     0x20e5 build/ili9488_rgb565_c21/production/_ext/120415747/legato_imagedecoder_raw_scale.o
 .debug_info    0x0006a0d8     0x1e0e build/ili9488_rgb565_c21/production/_ext/120415747/legato_imagedecoder_raw_setup.o
 .debug_info    0x0006bee6     0x2093 build/ili9488_rgb565_c21/production/_ext/120415747/legato_imagedecoder_raw_write.o
 .debug_info    0x0006df79     0x24a9 build/ili9488_rgb565_c21/production/_ext/701847140/legato_image.o
 .debug_info    0x00070422     0x1785 build/ili9488_rgb565_c21/production/_ext/701847140/legato_image_utils.o
 .debug_info    0x00071ba7     0x1521 build/ili9488_rgb565_c21/production/_ext/389919000/legato_memory.o
 .debug_info    0x000730c8     0x19c4 build/ili9488_rgb565_c21/production/_ext/389919000/legato_variableheap.o
 .debug_info    0x00074a8c     0x3e41 build/ili9488_rgb565_c21/production/_ext/1192200986/legato_draw.o
 .debug_info    0x000788cd     0x49a3 build/ili9488_rgb565_c21/production/_ext/1192200986/legato_draw_arc.o
 .debug_info    0x0007d270     0x1bff build/ili9488_rgb565_c21/production/_ext/1192200986/legato_draw_line.o
 .debug_info    0x0007ee6f     0x1a69 build/ili9488_rgb565_c21/production/_ext/1192200986/legato_draw_rect.o
 .debug_info    0x000808d8     0x47a7 build/ili9488_rgb565_c21/production/_ext/1192200986/legato_renderer.o
 .debug_info    0x0008507f     0x2705 build/ili9488_rgb565_c21/production/_ext/575689768/legato_string.o
 .debug_info    0x00087784     0x2320 build/ili9488_rgb565_c21/production/_ext/575689768/legato_string_renderer.o
 .debug_info    0x00089aa4     0x1bc6 build/ili9488_rgb565_c21/production/_ext/575689768/legato_stringtable.o
 .debug_info    0x0008b66a     0x2b0a build/ili9488_rgb565_c21/production/_ext/575689768/legato_tablestring.o
 .debug_info    0x0008e174     0x2496 build/ili9488_rgb565_c21/production/_ext/575689768/legato_stringutils.o
 .debug_info    0x0009060a     0x4c34 build/ili9488_rgb565_c21/production/_ext/1910772378/legato_widget_button.o
 .debug_info    0x0009523e     0x48e1 build/ili9488_rgb565_c21/production/_ext/1910772378/legato_widget_button_skin_classic.o
 .debug_info    0x00099b1f     0x3961 build/ili9488_rgb565_c21/production/_ext/1995092825/legato_widget_image.o
 .debug_info    0x0009d480     0x3927 build/ili9488_rgb565_c21/production/_ext/1995092825/legato_widget_image_skin_classic.o
 .debug_info    0x000a0da7     0x3b46 build/ili9488_rgb565_c21/production/_ext/1992678848/legato_widget_label.o
 .debug_info    0x000a48ed     0x3c0a build/ili9488_rgb565_c21/production/_ext/1992678848/legato_widget_label_skin_classic.o
 .debug_info    0x000a84f7     0x4fa0 build/ili9488_rgb565_c21/production/_ext/679628379/legato_widget.o
 .debug_info    0x000ad497     0x2ccf build/ili9488_rgb565_c21/production/_ext/679628379/legato_widget_skin_classic.o
 .debug_info    0x000b0166     0x3f8a build/ili9488_rgb565_c21/production/_ext/679628379/legato_widget_skin_classic_common.o
 .debug_info    0x000b40f0      0xb00 build/ili9488_rgb565_c21/production/_ext/179908753/plib_clock.o
 .debug_info    0x000b4bf0      0x354 build/ili9488_rgb565_c21/production/_ext/177759267/plib_evsys.o
 .debug_info    0x000b4f44      0x93e build/ili9488_rgb565_c21/production/_ext/421108383/plib_nvic.o
 .debug_info    0x000b5882     0x14f3 build/ili9488_rgb565_c21/production/_ext/363442865/plib_nvmctrl.o
 .debug_info    0x000b6d75      0x7ed build/ili9488_rgb565_c21/production/_ext/421055232/plib_port.o
 .debug_info    0x000b7562     0x13db build/ili9488_rgb565_c21/production/_ext/1849288394/plib_sercom2_i2c_master.o
 .debug_info    0x000b893d     0x1346 build/ili9488_rgb565_c21/production/_ext/1878987536/plib_sercom1_spi.o
 .debug_info    0x000b9c83      0xc53 build/ili9488_rgb565_c21/production/_ext/1197325998/plib_tc0.o
 .debug_info    0x000ba8d6      0x6ed build/ili9488_rgb565_c21/production/_ext/1494921676/sys_dma.o
 .debug_info    0x000bafc3     0x27e9 build/ili9488_rgb565_c21/production/_ext/2105319326/sys_input.o
 .debug_info    0x000bd7ac      0xa6f build/ili9488_rgb565_c21/production/_ext/283887256/sys_int.o
 .debug_info    0x000be21b     0x32b2 build/ili9488_rgb565_c21/production/_ext/1906505550/sys_time.o
 .debug_info    0x000c14cd     0x8289 build/ili9488_rgb565_c21/production/_ext/1467424219/initialization.o
 .debug_info    0x000c9756     0x6105 build/ili9488_rgb565_c21/production/_ext/1467424219/interrupts.o
 .debug_info    0x000cf85b     0x5b3b build/ili9488_rgb565_c21/production/_ext/1467424219/exceptions.o
 .debug_info    0x000d5396     0x5ca2 build/ili9488_rgb565_c21/production/_ext/1467424219/startup_xc32.o
 .debug_info    0x000db038     0x5b7b build/ili9488_rgb565_c21/production/_ext/1467424219/tasks.o
 .debug_info    0x000e0bb3     0x5b26 build/ili9488_rgb565_c21/production/_ext/1360937237/main.o
 .debug_info    0x000e66d9      0xf24 build/ili9488_rgb565_c21/production/_ext/1360937237/app.o
 .debug_info    0x000e75fd      0x1f0 c:/program files/microchip/xc32/v2.40/bin/bin/../../lib/gcc/pic32c/6.2.1/../../../../pic32c/lib\libpic32c.a(data_init.o)
 .debug_info    0x000e77ed       0xee c:/program files/microchip/xc32/v2.40/bin/bin/../../lib/gcc/pic32c/6.2.1\libgcc.a(_udivsi3.o)
 .debug_info    0x000e78db       0xee c:/program files/microchip/xc32/v2.40/bin/bin/../../lib/gcc/pic32c/6.2.1\libgcc.a(_divsi3.o)
 .debug_info    0x000e79c9       0xee c:/program files/microchip/xc32/v2.40/bin/bin/../../lib/gcc/pic32c/6.2.1\libgcc.a(_dvmd_tls.o)
 .debug_info    0x000e7ab7       0xee c:/program files/microchip/xc32/v2.40/bin/bin/../../lib/gcc/pic32c/6.2.1\libgcc.a(_arm_cmpsf2.o)
 .debug_info    0x000e7ba5     0x12a0 c:/program files/microchip/xc32/v2.40/bin/bin/../../lib/gcc/pic32c/6.2.1\libgcc.a(_fixunssfsi.o)
 .debug_info    0x000e8e45     0x12a0 c:/program files/microchip/xc32/v2.40/bin/bin/../../lib/gcc/pic32c/6.2.1\libgcc.a(_fixunsdfsi.o)
 .debug_info    0x000ea0e5      0x58b c:/program files/microchip/xc32/v2.40/bin/bin/../../lib/gcc/pic32c/6.2.1\libgcc.a(divsf3.o)
 .debug_info    0x000ea670      0x3e0 c:/program files/microchip/xc32/v2.40/bin/bin/../../lib/gcc/pic32c/6.2.1\libgcc.a(eqsf2.o)
 .debug_info    0x000eaa50      0x404 c:/program files/microchip/xc32/v2.40/bin/bin/../../lib/gcc/pic32c/6.2.1\libgcc.a(gesf2.o)
 .debug_info    0x000eae54      0x408 c:/program files/microchip/xc32/v2.40/bin/bin/../../lib/gcc/pic32c/6.2.1\libgcc.a(lesf2.o)
 .debug_info    0x000eb25c      0x5d5 c:/program files/microchip/xc32/v2.40/bin/bin/../../lib/gcc/pic32c/6.2.1\libgcc.a(mulsf3.o)
 .debug_info    0x000eb831      0x556 c:/program files/microchip/xc32/v2.40/bin/bin/../../lib/gcc/pic32c/6.2.1\libgcc.a(subsf3.o)
 .debug_info    0x000ebd87      0x39d c:/program files/microchip/xc32/v2.40/bin/bin/../../lib/gcc/pic32c/6.2.1\libgcc.a(fixsfsi.o)
 .debug_info    0x000ec124      0x465 c:/program files/microchip/xc32/v2.40/bin/bin/../../lib/gcc/pic32c/6.2.1\libgcc.a(floatunsisf.o)
 .debug_info    0x000ec589      0x7b0 c:/program files/microchip/xc32/v2.40/bin/bin/../../lib/gcc/pic32c/6.2.1\libgcc.a(adddf3.o)
 .debug_info    0x000ecd39      0x9c6 c:/program files/microchip/xc32/v2.40/bin/bin/../../lib/gcc/pic32c/6.2.1\libgcc.a(divdf3.o)
 .debug_info    0x000ed6ff      0xa41 c:/program files/microchip/xc32/v2.40/bin/bin/../../lib/gcc/pic32c/6.2.1\libgcc.a(muldf3.o)
 .debug_info    0x000ee140      0x7b0 c:/program files/microchip/xc32/v2.40/bin/bin/../../lib/gcc/pic32c/6.2.1\libgcc.a(subdf3.o)
 .debug_info    0x000ee8f0      0x3bc c:/program files/microchip/xc32/v2.40/bin/bin/../../lib/gcc/pic32c/6.2.1\libgcc.a(fixdfsi.o)
 .debug_info    0x000eecac      0x47d c:/program files/microchip/xc32/v2.40/bin/bin/../../lib/gcc/pic32c/6.2.1\libgcc.a(extendsfdf2.o)
 .debug_info    0x000ef129       0xee c:/program files/microchip/xc32/v2.40/bin/bin/../../lib/gcc/pic32c/6.2.1\libgcc.a(_thumb1_case_uqi.o)
 .debug_info    0x000ef217       0xee c:/program files/microchip/xc32/v2.40/bin/bin/../../lib/gcc/pic32c/6.2.1\libgcc.a(_thumb1_case_uhi.o)
 .debug_info    0x000ef305       0xee c:/program files/microchip/xc32/v2.40/bin/bin/../../lib/gcc/pic32c/6.2.1\libgcc.a(_arm_cmpdf2.o)
 .debug_info    0x000ef3f3       0xee c:/program files/microchip/xc32/v2.40/bin/bin/../../lib/gcc/pic32c/6.2.1\libgcc.a(_clzsi2.o)
 .debug_info    0x000ef4e1      0x413 c:/program files/microchip/xc32/v2.40/bin/bin/../../lib/gcc/pic32c/6.2.1\libgcc.a(eqdf2.o)
 .debug_info    0x000ef8f4      0x43f c:/program files/microchip/xc32/v2.40/bin/bin/../../lib/gcc/pic32c/6.2.1\libgcc.a(gedf2.o)
 .debug_info    0x000efd33      0x437 c:/program files/microchip/xc32/v2.40/bin/bin/../../lib/gcc/pic32c/6.2.1\libgcc.a(ledf2.o)
 .debug_info    0x000f016a      0x359 c:/program files/microchip/xc32/v2.40/bin/bin/../../lib/gcc/pic32c/6.2.1/../../../../pic32c/lib\libc_nano.a(lib_a-init.o)
 .debug_info    0x000f04c3      0xdb3 c:/program files/microchip/xc32/v2.40/bin/bin/../../lib/gcc/pic32c/6.2.1/../../../../pic32c/lib\libc_nano.a(lib_a-memcpy-stub.o)
 .debug_info    0x000f1276     0x14e8 c:/program files/microchip/xc32/v2.40/bin/bin/../../lib/gcc/pic32c/6.2.1/../../../../pic32c/lib\libc_nano.a(lib_a-memset.o)

.debug_abbrev   0x00000000    0x1198d
 .debug_abbrev  0x00000000      0x1a3 build/ili9488_rgb565_c21/production/_ext/1757778955/bsp.o
 .debug_abbrev  0x000001a3      0x47c build/ili9488_rgb565_c21/production/_ext/1439396164/drv_i2c.o
 .debug_abbrev  0x0000061f      0x630 build/ili9488_rgb565_c21/production/_ext/1644386601/drv_maxtouch.o
 .debug_abbrev  0x00000c4f      0x540 build/ili9488_rgb565_c21/production/_ext/626254542/drv_spi.o
 .debug_abbrev  0x0000118f      0x49f build/ili9488_rgb565_c21/production/_ext/1466348494/gfx_driver.o
 .debug_abbrev  0x0000162e      0x453 build/ili9488_rgb565_c21/production/_ext/501305739/drv_gfx_ili9488.o
 .debug_abbrev  0x00001a81      0x2d7 build/ili9488_rgb565_c21/production/_ext/1538015528/drv_gfx_disp_intf_spi4.o
 .debug_abbrev  0x00001d58      0x222 build/ili9488_rgb565_c21/production/_ext/112860674/legato_color.o
 .debug_abbrev  0x00001f7a      0x269 build/ili9488_rgb565_c21/production/_ext/112860674/legato_color_blend.o
 .debug_abbrev  0x000021e3      0x376 build/ili9488_rgb565_c21/production/_ext/112860674/legato_color_convert.o
 .debug_abbrev  0x00002559      0x2dd build/ili9488_rgb565_c21/production/_ext/112860674/legato_color_lerp.o
 .debug_abbrev  0x00002836      0x3c9 build/ili9488_rgb565_c21/production/_ext/112860674/legato_math.o
 .debug_abbrev  0x00002bff      0x3fb build/ili9488_rgb565_c21/production/_ext/112860674/legato_pixelbuffer.o
 .debug_abbrev  0x00002ffa      0x2b8 build/ili9488_rgb565_c21/production/_ext/112860674/legato_rect.o
 .debug_abbrev  0x000032b2      0x40c build/ili9488_rgb565_c21/production/_ext/112860674/legato_utils.o
 .debug_abbrev  0x000036be      0x3b7 build/ili9488_rgb565_c21/production/_ext/2100673910/legato_event.o
 .debug_abbrev  0x00003a75      0x3c1 build/ili9488_rgb565_c21/production/_ext/2100673910/legato_input.o
 .debug_abbrev  0x00003e36      0x22f build/ili9488_rgb565_c21/production/_ext/2100673910/legato_scheme.o
 .debug_abbrev  0x00004065      0x50e build/ili9488_rgb565_c21/production/_ext/2100673910/legato_state.o
 .debug_abbrev  0x00004573      0x2cc build/ili9488_rgb565_c21/production/_ext/1154863378/legato_array.o
 .debug_abbrev  0x0000483f      0x307 build/ili9488_rgb565_c21/production/_ext/1154863378/legato_list.o
 .debug_abbrev  0x00004b46      0x31c build/ili9488_rgb565_c21/production/_ext/1154863378/legato_rectarray.o
 .debug_abbrev  0x00004e62      0x3cb build/ili9488_rgb565_c21/production/_ext/2100763174/legato_font.o
 .debug_abbrev  0x0000522d      0x22d build/ili9488_rgb565_c21/production/_ext/1691701734/le_gen_font_NotoSans_Medium.o
 .debug_abbrev  0x0000545a      0x22d build/ili9488_rgb565_c21/production/_ext/905844388/le_gen_image_MHGC_170x170.o
 .debug_abbrev  0x00005687      0x360 build/ili9488_rgb565_c21/production/_ext/1706034109/le_gen_screen_Screen0.o
 .debug_abbrev  0x000059e7      0x30a build/ili9488_rgb565_c21/production/_ext/1045797400/le_gen_harmony.o
 .debug_abbrev  0x00005cf1      0x2fa build/ili9488_rgb565_c21/production/_ext/1045797400/le_gen_init.o
 .debug_abbrev  0x00005feb      0x26d build/ili9488_rgb565_c21/production/_ext/1045797400/le_gen_scheme.o
 .debug_abbrev  0x00006258      0x224 build/ili9488_rgb565_c21/production/_ext/1045797400/le_gen_stringtable.o
 .debug_abbrev  0x0000647c      0x40c build/ili9488_rgb565_c21/production/_ext/120415747/legato_imagedecoder_raw.o
 .debug_abbrev  0x00006888      0x332 build/ili9488_rgb565_c21/production/_ext/120415747/legato_imagedecoder_raw_blend.o
 .debug_abbrev  0x00006bba      0x2db build/ili9488_rgb565_c21/production/_ext/120415747/legato_imagedecoder_raw_convert.o
 .debug_abbrev  0x00006e95      0x289 build/ili9488_rgb565_c21/production/_ext/120415747/legato_imagedecoder_raw_mask.o
 .debug_abbrev  0x0000711e      0x2e3 build/ili9488_rgb565_c21/production/_ext/120415747/legato_imagedecoder_raw_palette_internal.o
 .debug_abbrev  0x00007401      0x300 build/ili9488_rgb565_c21/production/_ext/120415747/legato_imagedecoder_raw_read_internal.o
 .debug_abbrev  0x00007701      0x2ca build/ili9488_rgb565_c21/production/_ext/120415747/legato_imagedecoder_raw_rotate.o
 .debug_abbrev  0x000079cb      0x2e0 build/ili9488_rgb565_c21/production/_ext/120415747/legato_imagedecoder_raw_scale.o
 .debug_abbrev  0x00007cab      0x2a9 build/ili9488_rgb565_c21/production/_ext/120415747/legato_imagedecoder_raw_setup.o
 .debug_abbrev  0x00007f54      0x2db build/ili9488_rgb565_c21/production/_ext/120415747/legato_imagedecoder_raw_write.o
 .debug_abbrev  0x0000822f      0x3b9 build/ili9488_rgb565_c21/production/_ext/701847140/legato_image.o
 .debug_abbrev  0x000085e8      0x275 build/ili9488_rgb565_c21/production/_ext/701847140/legato_image_utils.o
 .debug_abbrev  0x0000885d      0x303 build/ili9488_rgb565_c21/production/_ext/389919000/legato_memory.o
 .debug_abbrev  0x00008b60      0x3a7 build/ili9488_rgb565_c21/production/_ext/389919000/legato_variableheap.o
 .debug_abbrev  0x00008f07      0x33e build/ili9488_rgb565_c21/production/_ext/1192200986/legato_draw.o
 .debug_abbrev  0x00009245      0x3eb build/ili9488_rgb565_c21/production/_ext/1192200986/legato_draw_arc.o
 .debug_abbrev  0x00009630      0x308 build/ili9488_rgb565_c21/production/_ext/1192200986/legato_draw_line.o
 .debug_abbrev  0x00009938      0x2d1 build/ili9488_rgb565_c21/production/_ext/1192200986/legato_draw_rect.o
 .debug_abbrev  0x00009c09      0x5a9 build/ili9488_rgb565_c21/production/_ext/1192200986/legato_renderer.o
 .debug_abbrev  0x0000a1b2      0x3da build/ili9488_rgb565_c21/production/_ext/575689768/legato_string.o
 .debug_abbrev  0x0000a58c      0x393 build/ili9488_rgb565_c21/production/_ext/575689768/legato_string_renderer.o
 .debug_abbrev  0x0000a91f      0x2fc build/ili9488_rgb565_c21/production/_ext/575689768/legato_stringtable.o
 .debug_abbrev  0x0000ac1b      0x3d6 build/ili9488_rgb565_c21/production/_ext/575689768/legato_tablestring.o
 .debug_abbrev  0x0000aff1      0x3c9 build/ili9488_rgb565_c21/production/_ext/575689768/legato_stringutils.o
 .debug_abbrev  0x0000b3ba      0x47b build/ili9488_rgb565_c21/production/_ext/1910772378/legato_widget_button.o
 .debug_abbrev  0x0000b835      0x3b4 build/ili9488_rgb565_c21/production/_ext/1910772378/legato_widget_button_skin_classic.o
 .debug_abbrev  0x0000bbe9      0x386 build/ili9488_rgb565_c21/production/_ext/1995092825/legato_widget_image.o
 .debug_abbrev  0x0000bf6f      0x31b build/ili9488_rgb565_c21/production/_ext/1995092825/legato_widget_image_skin_classic.o
 .debug_abbrev  0x0000c28a      0x374 build/ili9488_rgb565_c21/production/_ext/1992678848/legato_widget_label.o
 .debug_abbrev  0x0000c5fe      0x36d build/ili9488_rgb565_c21/production/_ext/1992678848/legato_widget_label_skin_classic.o
 .debug_abbrev  0x0000c96b      0x4d4 build/ili9488_rgb565_c21/production/_ext/679628379/legato_widget.o
 .debug_abbrev  0x0000ce3f      0x2fa build/ili9488_rgb565_c21/production/_ext/679628379/legato_widget_skin_classic.o
 .debug_abbrev  0x0000d139      0x39e build/ili9488_rgb565_c21/production/_ext/679628379/legato_widget_skin_classic_common.o
 .debug_abbrev  0x0000d4d7      0x126 build/ili9488_rgb565_c21/production/_ext/179908753/plib_clock.o
 .debug_abbrev  0x0000d5fd       0x39 build/ili9488_rgb565_c21/production/_ext/177759267/plib_evsys.o
 .debug_abbrev  0x0000d636      0x144 build/ili9488_rgb565_c21/production/_ext/421108383/plib_nvic.o
 .debug_abbrev  0x0000d77a      0x279 build/ili9488_rgb565_c21/production/_ext/363442865/plib_nvmctrl.o
 .debug_abbrev  0x0000d9f3      0x133 build/ili9488_rgb565_c21/production/_ext/421055232/plib_port.o
 .debug_abbrev  0x0000db26      0x280 build/ili9488_rgb565_c21/production/_ext/1849288394/plib_sercom2_i2c_master.o
 .debug_abbrev  0x0000dda6      0x23b build/ili9488_rgb565_c21/production/_ext/1878987536/plib_sercom1_spi.o
 .debug_abbrev  0x0000dfe1      0x1b2 build/ili9488_rgb565_c21/production/_ext/1197325998/plib_tc0.o
 .debug_abbrev  0x0000e193       0x99 build/ili9488_rgb565_c21/production/_ext/1494921676/sys_dma.o
 .debug_abbrev  0x0000e22c      0x2a3 build/ili9488_rgb565_c21/production/_ext/2105319326/sys_input.o
 .debug_abbrev  0x0000e4cf      0x1df build/ili9488_rgb565_c21/production/_ext/283887256/sys_int.o
 .debug_abbrev  0x0000e6ae      0x58d build/ili9488_rgb565_c21/production/_ext/1906505550/sys_time.o
 .debug_abbrev  0x0000ec3b      0x32e build/ili9488_rgb565_c21/production/_ext/1467424219/initialization.o
 .debug_abbrev  0x0000ef69      0x28c build/ili9488_rgb565_c21/production/_ext/1467424219/interrupts.o
 .debug_abbrev  0x0000f1f5      0x27b build/ili9488_rgb565_c21/production/_ext/1467424219/exceptions.o
 .debug_abbrev  0x0000f470      0x2b3 build/ili9488_rgb565_c21/production/_ext/1467424219/startup_xc32.o
 .debug_abbrev  0x0000f723      0x2ac build/ili9488_rgb565_c21/production/_ext/1467424219/tasks.o
 .debug_abbrev  0x0000f9cf      0x2b5 build/ili9488_rgb565_c21/production/_ext/1360937237/main.o
 .debug_abbrev  0x0000fc84      0x1ea build/ili9488_rgb565_c21/production/_ext/1360937237/app.o
 .debug_abbrev  0x0000fe6e       0x2a c:/program files/microchip/xc32/v2.40/bin/bin/../../lib/gcc/pic32c/6.2.1/../../../../pic32c/lib\libpic32c.a(data_init.o)
 .debug_abbrev  0x0000fe98       0x14 c:/program files/microchip/xc32/v2.40/bin/bin/../../lib/gcc/pic32c/6.2.1\libgcc.a(_udivsi3.o)
 .debug_abbrev  0x0000feac       0x14 c:/program files/microchip/xc32/v2.40/bin/bin/../../lib/gcc/pic32c/6.2.1\libgcc.a(_divsi3.o)
 .debug_abbrev  0x0000fec0       0x14 c:/program files/microchip/xc32/v2.40/bin/bin/../../lib/gcc/pic32c/6.2.1\libgcc.a(_dvmd_tls.o)
 .debug_abbrev  0x0000fed4       0x14 c:/program files/microchip/xc32/v2.40/bin/bin/../../lib/gcc/pic32c/6.2.1\libgcc.a(_arm_cmpsf2.o)
 .debug_abbrev  0x0000fee8      0x11b c:/program files/microchip/xc32/v2.40/bin/bin/../../lib/gcc/pic32c/6.2.1\libgcc.a(_fixunssfsi.o)
 .debug_abbrev  0x00010003      0x11b c:/program files/microchip/xc32/v2.40/bin/bin/../../lib/gcc/pic32c/6.2.1\libgcc.a(_fixunsdfsi.o)
 .debug_abbrev  0x0001011e      0x135 c:/program files/microchip/xc32/v2.40/bin/bin/../../lib/gcc/pic32c/6.2.1\libgcc.a(divsf3.o)
 .debug_abbrev  0x00010253      0x128 c:/program files/microchip/xc32/v2.40/bin/bin/../../lib/gcc/pic32c/6.2.1\libgcc.a(eqsf2.o)
 .debug_abbrev  0x0001037b      0x12a c:/program files/microchip/xc32/v2.40/bin/bin/../../lib/gcc/pic32c/6.2.1\libgcc.a(gesf2.o)
 .debug_abbrev  0x000104a5      0x135 c:/program files/microchip/xc32/v2.40/bin/bin/../../lib/gcc/pic32c/6.2.1\libgcc.a(lesf2.o)
 .debug_abbrev  0x000105da      0x13c c:/program files/microchip/xc32/v2.40/bin/bin/../../lib/gcc/pic32c/6.2.1\libgcc.a(mulsf3.o)
 .debug_abbrev  0x00010716      0x149 c:/program files/microchip/xc32/v2.40/bin/bin/../../lib/gcc/pic32c/6.2.1\libgcc.a(subsf3.o)
 .debug_abbrev  0x0001085f      0x12e c:/program files/microchip/xc32/v2.40/bin/bin/../../lib/gcc/pic32c/6.2.1\libgcc.a(fixsfsi.o)
 .debug_abbrev  0x0001098d      0x12d c:/program files/microchip/xc32/v2.40/bin/bin/../../lib/gcc/pic32c/6.2.1\libgcc.a(floatunsisf.o)
 .debug_abbrev  0x00010aba      0x150 c:/program files/microchip/xc32/v2.40/bin/bin/../../lib/gcc/pic32c/6.2.1\libgcc.a(adddf3.o)
 .debug_abbrev  0x00010c0a      0x143 c:/program files/microchip/xc32/v2.40/bin/bin/../../lib/gcc/pic32c/6.2.1\libgcc.a(divdf3.o)
 .debug_abbrev  0x00010d4d      0x14a c:/program files/microchip/xc32/v2.40/bin/bin/../../lib/gcc/pic32c/6.2.1\libgcc.a(muldf3.o)
 .debug_abbrev  0x00010e97      0x150 c:/program files/microchip/xc32/v2.40/bin/bin/../../lib/gcc/pic32c/6.2.1\libgcc.a(subdf3.o)
 .debug_abbrev  0x00010fe7      0x12c c:/program files/microchip/xc32/v2.40/bin/bin/../../lib/gcc/pic32c/6.2.1\libgcc.a(fixdfsi.o)
 .debug_abbrev  0x00011113      0x114 c:/program files/microchip/xc32/v2.40/bin/bin/../../lib/gcc/pic32c/6.2.1\libgcc.a(extendsfdf2.o)
 .debug_abbrev  0x00011227       0x14 c:/program files/microchip/xc32/v2.40/bin/bin/../../lib/gcc/pic32c/6.2.1\libgcc.a(_thumb1_case_uqi.o)
 .debug_abbrev  0x0001123b       0x14 c:/program files/microchip/xc32/v2.40/bin/bin/../../lib/gcc/pic32c/6.2.1\libgcc.a(_thumb1_case_uhi.o)
 .debug_abbrev  0x0001124f       0x14 c:/program files/microchip/xc32/v2.40/bin/bin/../../lib/gcc/pic32c/6.2.1\libgcc.a(_arm_cmpdf2.o)
 .debug_abbrev  0x00011263       0x14 c:/program files/microchip/xc32/v2.40/bin/bin/../../lib/gcc/pic32c/6.2.1\libgcc.a(_clzsi2.o)
 .debug_abbrev  0x00011277      0x128 c:/program files/microchip/xc32/v2.40/bin/bin/../../lib/gcc/pic32c/6.2.1\libgcc.a(eqdf2.o)
 .debug_abbrev  0x0001139f      0x135 c:/program files/microchip/xc32/v2.40/bin/bin/../../lib/gcc/pic32c/6.2.1\libgcc.a(gedf2.o)
 .debug_abbrev  0x000114d4      0x12a c:/program files/microchip/xc32/v2.40/bin/bin/../../lib/gcc/pic32c/6.2.1\libgcc.a(ledf2.o)
 .debug_abbrev  0x000115fe       0xa3 c:/program files/microchip/xc32/v2.40/bin/bin/../../lib/gcc/pic32c/6.2.1/../../../../pic32c/lib\libc_nano.a(lib_a-init.o)
 .debug_abbrev  0x000116a1      0x17c c:/program files/microchip/xc32/v2.40/bin/bin/../../lib/gcc/pic32c/6.2.1/../../../../pic32c/lib\libc_nano.a(lib_a-memcpy-stub.o)
 .debug_abbrev  0x0001181d      0x170 c:/program files/microchip/xc32/v2.40/bin/bin/../../lib/gcc/pic32c/6.2.1/../../../../pic32c/lib\libc_nano.a(lib_a-memset.o)

.debug_aranges  0x00000000     0x27f8
 .debug_aranges
                0x00000000       0x20 build/ili9488_rgb565_c21/production/_ext/1757778955/bsp.o
 .debug_aranges
                0x00000020       0x98 build/ili9488_rgb565_c21/production/_ext/1439396164/drv_i2c.o
 .debug_aranges
                0x000000b8       0xd0 build/ili9488_rgb565_c21/production/_ext/1644386601/drv_maxtouch.o
 .debug_aranges
                0x00000188       0xb0 build/ili9488_rgb565_c21/production/_ext/626254542/drv_spi.o
 .debug_aranges
                0x00000238      0x230 build/ili9488_rgb565_c21/production/_ext/1466348494/gfx_driver.o
 .debug_aranges
                0x00000468       0x78 build/ili9488_rgb565_c21/production/_ext/501305739/drv_gfx_ili9488.o
 .debug_aranges
                0x000004e0       0x90 build/ili9488_rgb565_c21/production/_ext/1538015528/drv_gfx_disp_intf_spi4.o
 .debug_aranges
                0x00000570       0x38 build/ili9488_rgb565_c21/production/_ext/112860674/legato_color.o
 .debug_aranges
                0x000005a8       0x30 build/ili9488_rgb565_c21/production/_ext/112860674/legato_color_blend.o
 .debug_aranges
                0x000005d8      0x160 build/ili9488_rgb565_c21/production/_ext/112860674/legato_color_convert.o
 .debug_aranges
                0x00000738       0x60 build/ili9488_rgb565_c21/production/_ext/112860674/legato_color_lerp.o
 .debug_aranges
                0x00000798       0xf8 build/ili9488_rgb565_c21/production/_ext/112860674/legato_math.o
 .debug_aranges
                0x00000890       0xe0 build/ili9488_rgb565_c21/production/_ext/112860674/legato_pixelbuffer.o
 .debug_aranges
                0x00000970       0x70 build/ili9488_rgb565_c21/production/_ext/112860674/legato_rect.o
 .debug_aranges
                0x000009e0       0x78 build/ili9488_rgb565_c21/production/_ext/112860674/legato_utils.o
 .debug_aranges
                0x00000a58       0x60 build/ili9488_rgb565_c21/production/_ext/2100673910/legato_event.o
 .debug_aranges
                0x00000ab8       0x78 build/ili9488_rgb565_c21/production/_ext/2100673910/legato_input.o
 .debug_aranges
                0x00000b30       0x20 build/ili9488_rgb565_c21/production/_ext/2100673910/legato_scheme.o
 .debug_aranges
                0x00000b50      0x100 build/ili9488_rgb565_c21/production/_ext/2100673910/legato_state.o
 .debug_aranges
                0x00000c50       0x98 build/ili9488_rgb565_c21/production/_ext/1154863378/legato_array.o
 .debug_aranges
                0x00000ce8       0x80 build/ili9488_rgb565_c21/production/_ext/1154863378/legato_list.o
 .debug_aranges
                0x00000d68       0xc0 build/ili9488_rgb565_c21/production/_ext/1154863378/legato_rectarray.o
 .debug_aranges
                0x00000e28       0x68 build/ili9488_rgb565_c21/production/_ext/2100763174/legato_font.o
 .debug_aranges
                0x00000e90       0x18 build/ili9488_rgb565_c21/production/_ext/1691701734/le_gen_font_NotoSans_Medium.o
 .debug_aranges
                0x00000ea8       0x18 build/ili9488_rgb565_c21/production/_ext/905844388/le_gen_image_MHGC_170x170.o
 .debug_aranges
                0x00000ec0       0x48 build/ili9488_rgb565_c21/production/_ext/1706034109/le_gen_screen_Screen0.o
 .debug_aranges
                0x00000f08       0x40 build/ili9488_rgb565_c21/production/_ext/1045797400/le_gen_harmony.o
 .debug_aranges
                0x00000f48       0x40 build/ili9488_rgb565_c21/production/_ext/1045797400/le_gen_init.o
 .debug_aranges
                0x00000f88       0x20 build/ili9488_rgb565_c21/production/_ext/1045797400/le_gen_scheme.o
 .debug_aranges
                0x00000fa8       0x18 build/ili9488_rgb565_c21/production/_ext/1045797400/le_gen_stringtable.o
 .debug_aranges
                0x00000fc0       0xa8 build/ili9488_rgb565_c21/production/_ext/120415747/legato_imagedecoder_raw.o
 .debug_aranges
                0x00001068       0x38 build/ili9488_rgb565_c21/production/_ext/120415747/legato_imagedecoder_raw_blend.o
 .debug_aranges
                0x000010a0       0x28 build/ili9488_rgb565_c21/production/_ext/120415747/legato_imagedecoder_raw_convert.o
 .debug_aranges
                0x000010c8       0x28 build/ili9488_rgb565_c21/production/_ext/120415747/legato_imagedecoder_raw_mask.o
 .debug_aranges
                0x000010f0       0x38 build/ili9488_rgb565_c21/production/_ext/120415747/legato_imagedecoder_raw_palette_internal.o
 .debug_aranges
                0x00001128       0x58 build/ili9488_rgb565_c21/production/_ext/120415747/legato_imagedecoder_raw_read_internal.o
 .debug_aranges
                0x00001180       0x48 build/ili9488_rgb565_c21/production/_ext/120415747/legato_imagedecoder_raw_rotate.o
 .debug_aranges
                0x000011c8       0x58 build/ili9488_rgb565_c21/production/_ext/120415747/legato_imagedecoder_raw_scale.o
 .debug_aranges
                0x00001220       0x48 build/ili9488_rgb565_c21/production/_ext/120415747/legato_imagedecoder_raw_setup.o
 .debug_aranges
                0x00001268       0x38 build/ili9488_rgb565_c21/production/_ext/120415747/legato_imagedecoder_raw_write.o
 .debug_aranges
                0x000012a0       0x70 build/ili9488_rgb565_c21/production/_ext/701847140/legato_image.o
 .debug_aranges
                0x00001310       0x78 build/ili9488_rgb565_c21/production/_ext/701847140/legato_image_utils.o
 .debug_aranges
                0x00001388       0x48 build/ili9488_rgb565_c21/production/_ext/389919000/legato_memory.o
 .debug_aranges
                0x000013d0       0x58 build/ili9488_rgb565_c21/production/_ext/389919000/legato_variableheap.o
 .debug_aranges
                0x00001428       0x70 build/ili9488_rgb565_c21/production/_ext/1192200986/legato_draw.o
 .debug_aranges
                0x00001498       0x40 build/ili9488_rgb565_c21/production/_ext/1192200986/legato_draw_arc.o
 .debug_aranges
                0x000014d8       0x48 build/ili9488_rgb565_c21/production/_ext/1192200986/legato_draw_line.o
 .debug_aranges
                0x00001520       0x38 build/ili9488_rgb565_c21/production/_ext/1192200986/legato_draw_rect.o
 .debug_aranges
                0x00001558       0xb0 build/ili9488_rgb565_c21/production/_ext/1192200986/legato_renderer.o
 .debug_aranges
                0x00001608       0x80 build/ili9488_rgb565_c21/production/_ext/575689768/legato_string.o
 .debug_aranges
                0x00001688       0x30 build/ili9488_rgb565_c21/production/_ext/575689768/legato_string_renderer.o
 .debug_aranges
                0x000016b8       0x50 build/ili9488_rgb565_c21/production/_ext/575689768/legato_stringtable.o
 .debug_aranges
                0x00001708       0xb8 build/ili9488_rgb565_c21/production/_ext/575689768/legato_tablestring.o
 .debug_aranges
                0x000017c0       0xa8 build/ili9488_rgb565_c21/production/_ext/575689768/legato_stringutils.o
 .debug_aranges
                0x00001868      0x110 build/ili9488_rgb565_c21/production/_ext/1910772378/legato_widget_button.o
 .debug_aranges
                0x00001978       0x60 build/ili9488_rgb565_c21/production/_ext/1910772378/legato_widget_button_skin_classic.o
 .debug_aranges
                0x000019d8       0x58 build/ili9488_rgb565_c21/production/_ext/1995092825/legato_widget_image.o
 .debug_aranges
                0x00001a30       0x48 build/ili9488_rgb565_c21/production/_ext/1995092825/legato_widget_image_skin_classic.o
 .debug_aranges
                0x00001a78       0x60 build/ili9488_rgb565_c21/production/_ext/1992678848/legato_widget_label.o
 .debug_aranges
                0x00001ad8       0x48 build/ili9488_rgb565_c21/production/_ext/1992678848/legato_widget_label_skin_classic.o
 .debug_aranges
                0x00001b20      0x298 build/ili9488_rgb565_c21/production/_ext/679628379/legato_widget.o
 .debug_aranges
                0x00001db8       0x30 build/ili9488_rgb565_c21/production/_ext/679628379/legato_widget_skin_classic.o
 .debug_aranges
                0x00001de8       0xa8 build/ili9488_rgb565_c21/production/_ext/679628379/legato_widget_skin_classic_common.o
 .debug_aranges
                0x00001e90       0x20 build/ili9488_rgb565_c21/production/_ext/179908753/plib_clock.o
 .debug_aranges
                0x00001eb0       0x20 build/ili9488_rgb565_c21/production/_ext/177759267/plib_evsys.o
 .debug_aranges
                0x00001ed0       0x20 build/ili9488_rgb565_c21/production/_ext/421108383/plib_nvic.o
 .debug_aranges
                0x00001ef0       0x78 build/ili9488_rgb565_c21/production/_ext/363442865/plib_nvmctrl.o
 .debug_aranges
                0x00001f68       0x60 build/ili9488_rgb565_c21/production/_ext/421055232/plib_port.o
 .debug_aranges
                0x00001fc8       0x68 build/ili9488_rgb565_c21/production/_ext/1849288394/plib_sercom2_i2c_master.o
 .debug_aranges
                0x00002030       0x58 build/ili9488_rgb565_c21/production/_ext/1878987536/plib_sercom1_spi.o
 .debug_aranges
                0x00002088       0x70 build/ili9488_rgb565_c21/production/_ext/1197325998/plib_tc0.o
 .debug_aranges
                0x000020f8       0x28 build/ili9488_rgb565_c21/production/_ext/1494921676/sys_dma.o
 .debug_aranges
                0x00002120       0x98 build/ili9488_rgb565_c21/production/_ext/2105319326/sys_input.o
 .debug_aranges
                0x000021b8       0x40 build/ili9488_rgb565_c21/production/_ext/283887256/sys_int.o
 .debug_aranges
                0x000021f8      0x130 build/ili9488_rgb565_c21/production/_ext/1906505550/sys_time.o
 .debug_aranges
                0x00002328       0x20 build/ili9488_rgb565_c21/production/_ext/1467424219/initialization.o
 .debug_aranges
                0x00002348       0x20 build/ili9488_rgb565_c21/production/_ext/1467424219/interrupts.o
 .debug_aranges
                0x00002368       0x28 build/ili9488_rgb565_c21/production/_ext/1467424219/exceptions.o
 .debug_aranges
                0x00002390       0x20 build/ili9488_rgb565_c21/production/_ext/1467424219/startup_xc32.o
 .debug_aranges
                0x000023b0       0x20 build/ili9488_rgb565_c21/production/_ext/1467424219/tasks.o
 .debug_aranges
                0x000023d0       0x20 build/ili9488_rgb565_c21/production/_ext/1360937237/main.o
 .debug_aranges
                0x000023f0       0x28 build/ili9488_rgb565_c21/production/_ext/1360937237/app.o
 .debug_aranges
                0x00002418       0x20 c:/program files/microchip/xc32/v2.40/bin/bin/../../lib/gcc/pic32c/6.2.1/../../../../pic32c/lib\libpic32c.a(data_init.o)
 .debug_aranges
                0x00002438       0x20 c:/program files/microchip/xc32/v2.40/bin/bin/../../lib/gcc/pic32c/6.2.1\libgcc.a(_udivsi3.o)
 .debug_aranges
                0x00002458       0x20 c:/program files/microchip/xc32/v2.40/bin/bin/../../lib/gcc/pic32c/6.2.1\libgcc.a(_divsi3.o)
 .debug_aranges
                0x00002478       0x20 c:/program files/microchip/xc32/v2.40/bin/bin/../../lib/gcc/pic32c/6.2.1\libgcc.a(_dvmd_tls.o)
 .debug_aranges
                0x00002498       0x20 c:/program files/microchip/xc32/v2.40/bin/bin/../../lib/gcc/pic32c/6.2.1\libgcc.a(_arm_cmpsf2.o)
 .debug_aranges
                0x000024b8       0x20 c:/program files/microchip/xc32/v2.40/bin/bin/../../lib/gcc/pic32c/6.2.1\libgcc.a(_fixunssfsi.o)
 .debug_aranges
                0x000024d8       0x20 c:/program files/microchip/xc32/v2.40/bin/bin/../../lib/gcc/pic32c/6.2.1\libgcc.a(_fixunsdfsi.o)
 .debug_aranges
                0x000024f8       0x20 c:/program files/microchip/xc32/v2.40/bin/bin/../../lib/gcc/pic32c/6.2.1\libgcc.a(divsf3.o)
 .debug_aranges
                0x00002518       0x20 c:/program files/microchip/xc32/v2.40/bin/bin/../../lib/gcc/pic32c/6.2.1\libgcc.a(eqsf2.o)
 .debug_aranges
                0x00002538       0x20 c:/program files/microchip/xc32/v2.40/bin/bin/../../lib/gcc/pic32c/6.2.1\libgcc.a(gesf2.o)
 .debug_aranges
                0x00002558       0x20 c:/program files/microchip/xc32/v2.40/bin/bin/../../lib/gcc/pic32c/6.2.1\libgcc.a(lesf2.o)
 .debug_aranges
                0x00002578       0x20 c:/program files/microchip/xc32/v2.40/bin/bin/../../lib/gcc/pic32c/6.2.1\libgcc.a(mulsf3.o)
 .debug_aranges
                0x00002598       0x20 c:/program files/microchip/xc32/v2.40/bin/bin/../../lib/gcc/pic32c/6.2.1\libgcc.a(subsf3.o)
 .debug_aranges
                0x000025b8       0x20 c:/program files/microchip/xc32/v2.40/bin/bin/../../lib/gcc/pic32c/6.2.1\libgcc.a(fixsfsi.o)
 .debug_aranges
                0x000025d8       0x20 c:/program files/microchip/xc32/v2.40/bin/bin/../../lib/gcc/pic32c/6.2.1\libgcc.a(floatunsisf.o)
 .debug_aranges
                0x000025f8       0x20 c:/program files/microchip/xc32/v2.40/bin/bin/../../lib/gcc/pic32c/6.2.1\libgcc.a(adddf3.o)
 .debug_aranges
                0x00002618       0x20 c:/program files/microchip/xc32/v2.40/bin/bin/../../lib/gcc/pic32c/6.2.1\libgcc.a(divdf3.o)
 .debug_aranges
                0x00002638       0x20 c:/program files/microchip/xc32/v2.40/bin/bin/../../lib/gcc/pic32c/6.2.1\libgcc.a(muldf3.o)
 .debug_aranges
                0x00002658       0x20 c:/program files/microchip/xc32/v2.40/bin/bin/../../lib/gcc/pic32c/6.2.1\libgcc.a(subdf3.o)
 .debug_aranges
                0x00002678       0x20 c:/program files/microchip/xc32/v2.40/bin/bin/../../lib/gcc/pic32c/6.2.1\libgcc.a(fixdfsi.o)
 .debug_aranges
                0x00002698       0x20 c:/program files/microchip/xc32/v2.40/bin/bin/../../lib/gcc/pic32c/6.2.1\libgcc.a(extendsfdf2.o)
 .debug_aranges
                0x000026b8       0x20 c:/program files/microchip/xc32/v2.40/bin/bin/../../lib/gcc/pic32c/6.2.1\libgcc.a(_thumb1_case_uqi.o)
 .debug_aranges
                0x000026d8       0x20 c:/program files/microchip/xc32/v2.40/bin/bin/../../lib/gcc/pic32c/6.2.1\libgcc.a(_thumb1_case_uhi.o)
 .debug_aranges
                0x000026f8       0x20 c:/program files/microchip/xc32/v2.40/bin/bin/../../lib/gcc/pic32c/6.2.1\libgcc.a(_arm_cmpdf2.o)
 .debug_aranges
                0x00002718       0x20 c:/program files/microchip/xc32/v2.40/bin/bin/../../lib/gcc/pic32c/6.2.1\libgcc.a(_clzsi2.o)
 .debug_aranges
                0x00002738       0x20 c:/program files/microchip/xc32/v2.40/bin/bin/../../lib/gcc/pic32c/6.2.1\libgcc.a(eqdf2.o)
 .debug_aranges
                0x00002758       0x20 c:/program files/microchip/xc32/v2.40/bin/bin/../../lib/gcc/pic32c/6.2.1\libgcc.a(gedf2.o)
 .debug_aranges
                0x00002778       0x20 c:/program files/microchip/xc32/v2.40/bin/bin/../../lib/gcc/pic32c/6.2.1\libgcc.a(ledf2.o)
 .debug_aranges
                0x00002798       0x20 c:/program files/microchip/xc32/v2.40/bin/bin/../../lib/gcc/pic32c/6.2.1/../../../../pic32c/lib\libc_nano.a(lib_a-init.o)
 .debug_aranges
                0x000027b8       0x20 c:/program files/microchip/xc32/v2.40/bin/bin/../../lib/gcc/pic32c/6.2.1/../../../../pic32c/lib\libc_nano.a(lib_a-memcpy-stub.o)
 .debug_aranges
                0x000027d8       0x20 c:/program files/microchip/xc32/v2.40/bin/bin/../../lib/gcc/pic32c/6.2.1/../../../../pic32c/lib\libc_nano.a(lib_a-memset.o)

.debug_ranges   0x00000000     0x2eb0
 .debug_ranges  0x00000000       0x10 build/ili9488_rgb565_c21/production/_ext/1757778955/bsp.o
 .debug_ranges  0x00000010      0x148 build/ili9488_rgb565_c21/production/_ext/1439396164/drv_i2c.o
 .debug_ranges  0x00000158      0x238 build/ili9488_rgb565_c21/production/_ext/1644386601/drv_maxtouch.o
 .debug_ranges  0x00000390      0x1d0 build/ili9488_rgb565_c21/production/_ext/626254542/drv_spi.o
 .debug_ranges  0x00000560      0x2b0 build/ili9488_rgb565_c21/production/_ext/1466348494/gfx_driver.o
 .debug_ranges  0x00000810       0x68 build/ili9488_rgb565_c21/production/_ext/501305739/drv_gfx_ili9488.o
 .debug_ranges  0x00000878       0x80 build/ili9488_rgb565_c21/production/_ext/1538015528/drv_gfx_disp_intf_spi4.o
 .debug_ranges  0x000008f8       0x28 build/ili9488_rgb565_c21/production/_ext/112860674/legato_color.o
 .debug_ranges  0x00000920       0x20 build/ili9488_rgb565_c21/production/_ext/112860674/legato_color_blend.o
 .debug_ranges  0x00000940      0x150 build/ili9488_rgb565_c21/production/_ext/112860674/legato_color_convert.o
 .debug_ranges  0x00000a90       0x50 build/ili9488_rgb565_c21/production/_ext/112860674/legato_color_lerp.o
 .debug_ranges  0x00000ae0       0xe8 build/ili9488_rgb565_c21/production/_ext/112860674/legato_math.o
 .debug_ranges  0x00000bc8       0xd0 build/ili9488_rgb565_c21/production/_ext/112860674/legato_pixelbuffer.o
 .debug_ranges  0x00000c98       0x60 build/ili9488_rgb565_c21/production/_ext/112860674/legato_rect.o
 .debug_ranges  0x00000cf8       0x68 build/ili9488_rgb565_c21/production/_ext/112860674/legato_utils.o
 .debug_ranges  0x00000d60       0x50 build/ili9488_rgb565_c21/production/_ext/2100673910/legato_event.o
 .debug_ranges  0x00000db0       0x68 build/ili9488_rgb565_c21/production/_ext/2100673910/legato_input.o
 .debug_ranges  0x00000e18       0x10 build/ili9488_rgb565_c21/production/_ext/2100673910/legato_scheme.o
 .debug_ranges  0x00000e28       0xf0 build/ili9488_rgb565_c21/production/_ext/2100673910/legato_state.o
 .debug_ranges  0x00000f18       0x88 build/ili9488_rgb565_c21/production/_ext/1154863378/legato_array.o
 .debug_ranges  0x00000fa0       0x70 build/ili9488_rgb565_c21/production/_ext/1154863378/legato_list.o
 .debug_ranges  0x00001010       0xb0 build/ili9488_rgb565_c21/production/_ext/1154863378/legato_rectarray.o
 .debug_ranges  0x000010c0       0x58 build/ili9488_rgb565_c21/production/_ext/2100763174/legato_font.o
 .debug_ranges  0x00001118       0x38 build/ili9488_rgb565_c21/production/_ext/1706034109/le_gen_screen_Screen0.o
 .debug_ranges  0x00001150       0x30 build/ili9488_rgb565_c21/production/_ext/1045797400/le_gen_harmony.o
 .debug_ranges  0x00001180       0x30 build/ili9488_rgb565_c21/production/_ext/1045797400/le_gen_init.o
 .debug_ranges  0x000011b0       0x10 build/ili9488_rgb565_c21/production/_ext/1045797400/le_gen_scheme.o
 .debug_ranges  0x000011c0       0x98 build/ili9488_rgb565_c21/production/_ext/120415747/legato_imagedecoder_raw.o
 .debug_ranges  0x00001258       0x28 build/ili9488_rgb565_c21/production/_ext/120415747/legato_imagedecoder_raw_blend.o
 .debug_ranges  0x00001280       0x18 build/ili9488_rgb565_c21/production/_ext/120415747/legato_imagedecoder_raw_convert.o
 .debug_ranges  0x00001298       0x18 build/ili9488_rgb565_c21/production/_ext/120415747/legato_imagedecoder_raw_mask.o
 .debug_ranges  0x000012b0       0x28 build/ili9488_rgb565_c21/production/_ext/120415747/legato_imagedecoder_raw_palette_internal.o
 .debug_ranges  0x000012d8       0x48 build/ili9488_rgb565_c21/production/_ext/120415747/legato_imagedecoder_raw_read_internal.o
 .debug_ranges  0x00001320       0x38 build/ili9488_rgb565_c21/production/_ext/120415747/legato_imagedecoder_raw_rotate.o
 .debug_ranges  0x00001358       0x48 build/ili9488_rgb565_c21/production/_ext/120415747/legato_imagedecoder_raw_scale.o